Archive member included to satisfy reference by file (symbol)

/opt/st/stm32cubeide_1.19.0/plugins/com.st.stm32cube.ide.mcu.externaltools.gnu-tools-for-stm32.13.3.rel1.linux64_1.0.0.202410170706/tools/bin/../lib/gcc/arm-none-eabi/13.3.1/../../../../arm-none-eabi/lib/thumb/v6-m/nofp/libc_nano.a(libc_a-exit.o)
                              /opt/st/stm32cubeide_1.19.0/plugins/com.st.stm32cube.ide.mcu.externaltools.gnu-tools-for-stm32.13.3.rel1.linux64_1.0.0.202410170706/tools/bin/../lib/gcc/arm-none-eabi/13.3.1/../../../../arm-none-eabi/lib/thumb/v6-m/nofp/crt0.o (exit)
/opt/st/stm32cubeide_1.19.0/plugins/com.st.stm32cube.ide.mcu.externaltools.gnu-tools-for-stm32.13.3.rel1.linux64_1.0.0.202410170706/tools/bin/../lib/gcc/arm-none-eabi/13.3.1/../../../../arm-none-eabi/lib/thumb/v6-m/nofp/libc_nano.a(libc_a-findfp.o)
                              /opt/st/stm32cubeide_1.19.0/plugins/com.st.stm32cube.ide.mcu.externaltools.gnu-tools-for-stm32.13.3.rel1.linux64_1.0.0.202410170706/tools/bin/../lib/gcc/arm-none-eabi/13.3.1/../../../../arm-none-eabi/lib/thumb/v6-m/nofp/libc_nano.a(libc_a-exit.o) (__stdio_exit_handler)
/opt/st/stm32cubeide_1.19.0/plugins/com.st.stm32cube.ide.mcu.externaltools.gnu-tools-for-stm32.13.3.rel1.linux64_1.0.0.202410170706/tools/bin/../lib/gcc/arm-none-eabi/13.3.1/../../../../arm-none-eabi/lib/thumb/v6-m/nofp/libc_nano.a(libc_a-fwalk.o)
                              /opt/st/stm32cubeide_1.19.0/plugins/com.st.stm32cube.ide.mcu.externaltools.gnu-tools-for-stm32.13.3.rel1.linux64_1.0.0.202410170706/tools/bin/../lib/gcc/arm-none-eabi/13.3.1/../../../../arm-none-eabi/lib/thumb/v6-m/nofp/libc_nano.a(libc_a-findfp.o) (_fwalk_sglue)
/opt/st/stm32cubeide_1.19.0/plugins/com.st.stm32cube.ide.mcu.externaltools.gnu-tools-for-stm32.13.3.rel1.linux64_1.0.0.202410170706/tools/bin/../lib/gcc/arm-none-eabi/13.3.1/../../../../arm-none-eabi/lib/thumb/v6-m/nofp/libc_nano.a(libc_a-stdio.o)
                              /opt/st/stm32cubeide_1.19.0/plugins/com.st.stm32cube.ide.mcu.externaltools.gnu-tools-for-stm32.13.3.rel1.linux64_1.0.0.202410170706/tools/bin/../lib/gcc/arm-none-eabi/13.3.1/../../../../arm-none-eabi/lib/thumb/v6-m/nofp/libc_nano.a(libc_a-findfp.o) (__sread)
/opt/st/stm32cubeide_1.19.0/plugins/com.st.stm32cube.ide.mcu.externaltools.gnu-tools-for-stm32.13.3.rel1.linux64_1.0.0.202410170706/tools/bin/../lib/gcc/arm-none-eabi/13.3.1/../../../../arm-none-eabi/lib/thumb/v6-m/nofp/libc_nano.a(libc_a-memset.o)
                              /opt/st/stm32cubeide_1.19.0/plugins/com.st.stm32cube.ide.mcu.externaltools.gnu-tools-for-stm32.13.3.rel1.linux64_1.0.0.202410170706/tools/bin/../lib/gcc/arm-none-eabi/13.3.1/../../../../arm-none-eabi/lib/thumb/v6-m/nofp/crt0.o (memset)
/opt/st/stm32cubeide_1.19.0/plugins/com.st.stm32cube.ide.mcu.externaltools.gnu-tools-for-stm32.13.3.rel1.linux64_1.0.0.202410170706/tools/bin/../lib/gcc/arm-none-eabi/13.3.1/../../../../arm-none-eabi/lib/thumb/v6-m/nofp/libc_nano.a(libc_a-closer.o)
                              /opt/st/stm32cubeide_1.19.0/plugins/com.st.stm32cube.ide.mcu.externaltools.gnu-tools-for-stm32.13.3.rel1.linux64_1.0.0.202410170706/tools/bin/../lib/gcc/arm-none-eabi/13.3.1/../../../../arm-none-eabi/lib/thumb/v6-m/nofp/libc_nano.a(libc_a-stdio.o) (_close_r)
/opt/st/stm32cubeide_1.19.0/plugins/com.st.stm32cube.ide.mcu.externaltools.gnu-tools-for-stm32.13.3.rel1.linux64_1.0.0.202410170706/tools/bin/../lib/gcc/arm-none-eabi/13.3.1/../../../../arm-none-eabi/lib/thumb/v6-m/nofp/libc_nano.a(libc_a-reent.o)
                              /opt/st/stm32cubeide_1.19.0/plugins/com.st.stm32cube.ide.mcu.externaltools.gnu-tools-for-stm32.13.3.rel1.linux64_1.0.0.202410170706/tools/bin/../lib/gcc/arm-none-eabi/13.3.1/../../../../arm-none-eabi/lib/thumb/v6-m/nofp/libc_nano.a(libc_a-closer.o) (errno)
/opt/st/stm32cubeide_1.19.0/plugins/com.st.stm32cube.ide.mcu.externaltools.gnu-tools-for-stm32.13.3.rel1.linux64_1.0.0.202410170706/tools/bin/../lib/gcc/arm-none-eabi/13.3.1/../../../../arm-none-eabi/lib/thumb/v6-m/nofp/libc_nano.a(libc_a-impure.o)
                              /opt/st/stm32cubeide_1.19.0/plugins/com.st.stm32cube.ide.mcu.externaltools.gnu-tools-for-stm32.13.3.rel1.linux64_1.0.0.202410170706/tools/bin/../lib/gcc/arm-none-eabi/13.3.1/../../../../arm-none-eabi/lib/thumb/v6-m/nofp/libc_nano.a(libc_a-reent.o) (_impure_ptr)
/opt/st/stm32cubeide_1.19.0/plugins/com.st.stm32cube.ide.mcu.externaltools.gnu-tools-for-stm32.13.3.rel1.linux64_1.0.0.202410170706/tools/bin/../lib/gcc/arm-none-eabi/13.3.1/../../../../arm-none-eabi/lib/thumb/v6-m/nofp/libc_nano.a(libc_a-lseekr.o)
                              /opt/st/stm32cubeide_1.19.0/plugins/com.st.stm32cube.ide.mcu.externaltools.gnu-tools-for-stm32.13.3.rel1.linux64_1.0.0.202410170706/tools/bin/../lib/gcc/arm-none-eabi/13.3.1/../../../../arm-none-eabi/lib/thumb/v6-m/nofp/libc_nano.a(libc_a-stdio.o) (_lseek_r)
[...]
Memory Configuration

Name             Origin             Length             Attributes
RAM              0x20000000         0x00005000         xrw
FLASH            0x08000000         0x00030000         xr
*default*        0x00000000         0xffffffff

Linker script and memory map

LOAD /opt/st/stm32cubeide_1.19.0/plugins/com.st.stm32cube.ide.mcu.externaltools.gnu-tools-for-stm32.13.3.rel1.linux64_1.0.0.202410170706/tools/bin/../lib/gcc/arm-none-eabi/13.3.1/thumb/v6-m/nofp/crti.o
LOAD /opt/st/stm32cubeide_1.19.0/plugins/com.st.stm32cube.ide.mcu.externaltools.gnu-tools-for-stm32.13.3.rel1.linux64_1.0.0.202410170706/tools/bin/../lib/gcc/arm-none-eabi/13.3.1/thumb/v6-m/nofp/crtbegin.o
LOAD /opt/st/stm32cubeide_1.19.0/plugins/com.st.stm32cube.ide.mcu.externaltools.gnu-tools-for-stm32.13.3.rel1.linux64_1.0.0.202410170706/tools/bin/../lib/gcc/arm-none-eabi/13.3.1/../../../../arm-none-eabi/lib/thumb/v6-m/nofp/crt0.o
LOAD ./Core/Src/battery/battery.o
LOAD ./Core/Src/main.o
LOAD ./Core/Src/rm126x_uart.o
LOAD ./Core/Src/stm32l0xx_hal_msp.o
LOAD ./Core/Src/stm32l0xx_it.o
LOAD ./Core/Src/syscalls.o
LOAD ./Core/Src/sysmem.o
LOAD ./Core/Src/system_stm32l0xx.o
LOAD ./Core/Src/sensirion/sensirion.o
LOAD ./Core/Src/sensirion/sensirion_common.o
LOAD ./Core/Src/sensirion/sensirion_i2c.o
LOAD ./Core/Src/sensirion/sensirion_i2c_hal.o
LOAD ./Core/Src/sensirion/sht4x_i2c.o
LOAD ./Core/Startup/startup_stm32l073rztx.o
LOAD ./Drivers/STM32L0xx_HAL_Driver/Src/stm32l0xx_hal.o
LOAD ./Drivers/STM32L0xx_HAL_Driver/Src/stm32l0xx_hal_adc.o
LOAD ./Drivers/STM32L0xx_HAL_Driver/Src/stm32l0xx_hal_adc_ex.o
LOAD ./Drivers/STM32L0xx_HAL_Driver/Src/stm32l0xx_hal_cortex.o
LOAD ./Drivers/STM32L0xx_HAL_Driver/Src/stm32l0xx_hal_dma.o
LOAD ./Drivers/STM32L0xx_HAL_Driver/Src/stm32l0xx_hal_exti.o
LOAD ./Drivers/STM32L0xx_HAL_Driver/Src/stm32l0xx_hal_flash.o
LOAD ./Drivers/STM32L0xx_HAL_Driver/Src/stm32l0xx_hal_flash_ex.o
LOAD ./Drivers/STM32L0xx_HAL_Driver/Src/stm32l0xx_hal_flash_ramfunc.o
LOAD ./Drivers/STM32L0xx_HAL_Driver/Src/stm32l0xx_hal_gpio.o
LOAD ./Drivers/STM32L0xx_HAL_Driver/Src/stm32l0xx_hal_i2c.o
LOAD ./Drivers/STM32L0xx_HAL_Driver/Src/stm32l0xx_hal_i2c_ex.o
LOAD ./Drivers/STM32L0xx_HAL_Driver/Src/stm32l0xx_hal_pwr.o
LOAD ./Drivers/STM32L0xx_HAL_Driver/Src/stm32l0xx_hal_pwr_ex.o
LOAD ./Drivers/STM32L0xx_HAL_Driver/Src/stm32l0xx_hal_rcc.o
LOAD ./Drivers/STM32L0xx_HAL_Driver/Src/stm32l0xx_hal_rcc_ex.o
LOAD ./Drivers/STM32L0xx_HAL_Driver/Src/stm32l0xx_hal_rtc.o
LOAD ./Drivers/STM32L0xx_HAL_Driver/Src/stm32l0xx_hal_rtc_ex.o
LOAD ./Drivers/STM32L0xx_HAL_Driver/Src/stm32l0xx_hal_uart.o
LOAD ./Drivers/STM32L0xx_HAL_Driver/Src/stm32l0xx_hal_uart_ex.o
START GROUP
LOAD /opt/st/stm32cubeide_1.19.0/plugins/com.st.stm32cube.ide.mcu.externaltools.gnu-tools-for-stm32.13.3.rel1.linux64_1.0.0.202410170706/tools/bin/../lib/gcc/arm-none-eabi/13.3.1/../../../../arm-none-eabi/lib/thumb/v6-m/nofp/libc_nano.a
LOAD /opt/st/stm32cubeide_1.19.0/plugins/com.st.stm32cube.ide.mcu.externaltools.gnu-tools-for-stm32.13.3.rel1.linux64_1.0.0.202410170706/tools/bin/../lib/gcc/arm-none-eabi/13.3.1/../../../../arm-none-eabi/lib/thumb/v6-m/nofp/libm.a
END GROUP
START GROUP
LOAD /opt/st/stm32cubeide_1.19.0/plugins/com.st.stm32cube.ide.mcu.externaltools.gnu-tools-for-stm32.13.3.rel1.linux64_1.0.0.202410170706/tools/bin/../lib/gcc/arm-none-eabi/13.3.1/thumb/v6-m/nofp/libgcc.a
LOAD /opt/st/stm32cubeide_1.19.0/plugins/com.st.stm32cube.ide.mcu.externaltools.gnu-tools-for-stm32.13.3.rel1.linux64_1.0.0.202410170706/tools/bin/../lib/gcc/arm-none-eabi/13.3.1/../../../../arm-none-eabi/lib/thumb/v6-m/nofp/libc_nano.a
END GROUP
START GROUP
LOAD /opt/st/stm32cubeide_1.19.0/plugins/com.st.stm32cube.ide.mcu.externaltools.gnu-tools-for-stm32.13.3.rel1.linux64_1.0.0.202410170706/tools/bin/../lib/gcc/arm-none-eabi/13.3.1/thumb/v6-m/nofp/libgcc.a
LOAD /opt/st/stm32cubeide_1.19.0/plugins/com.st.stm32cube.ide.mcu.externaltools.gnu-tools-for-stm32.13.3.rel1.linux64_1.0.0.202410170706/tools/bin/../lib/gcc/arm-none-eabi/13.3.1/../../../../arm-none-eabi/lib/thumb/v6-m/nofp/libc_nano.a
LOAD /opt/st/stm32cubeide_1.19.0/plugins/com.st.stm32cube.ide.mcu.externaltools.gnu-tools-for-stm32.13.3.rel1.linux64_1.0.0.202410170706/tools/bin/../lib/gcc/arm-none-eabi/13.3.1/../../../../arm-none-eabi/lib/thumb/v6-m/nofp/libnosys.a
END GROUP
START GROUP
LOAD /opt/st/stm32cubeide_1.19.0/plugins/com.st.stm32cube.ide.mcu.externaltools.gnu-tools-for-stm32.13.3.rel1.linux64_1.0.0.202410170706/tools/bin/../lib/gcc/arm-none-eabi/13.3.1/thumb/v6-m/nofp/libgcc.a
LOAD /opt/st/stm32cubeide_1.19.0/plugins/com.st.stm32cube.ide.mcu.externaltools.gnu-tools-for-stm32.13.3.rel1.linux64_1.0.0.202410170706/tools/bin/../lib/gcc/arm-none-eabi/13.3.1/../../../../arm-none-eabi/lib/thumb/v6-m/nofp/libc_nano.a
LOAD /opt/st/stm32cubeide_1.19.0/plugins/com.st.stm32cube.ide.mcu.externaltools.gnu-tools-for-stm32.13.3.rel1.linux64_1.0.0.202410170706/tools/bin/../lib/gcc/arm-none-eabi/13.3.1/../../../../arm-none-eabi/lib/thumb/v6-m/nofp/libnosys.a
END GROUP
LOAD /opt/st/stm32cubeide_1.19.0/plugins/com.st.stm32cube.ide.mcu.externaltools.gnu-tools-for-stm32.13.3.rel1.linux64_1.0.0.202410170706/tools/bin/../lib/gcc/arm-none-eabi/13.3.1/thumb/v6-m/nofp/crtend.o
LOAD /opt/st/stm32cubeide_1.19.0/plugins/com.st.stm32cube.ide.mcu.externaltools.gnu-tools-for-stm32.13.3.rel1.linux64_1.0.0.202410170706/tools/bin/../lib/gcc/arm-none-eabi/13.3.1/thumb/v6-m/nofp/crtn.o
                0x20005000                        _estack = (ORIGIN (RAM) + LENGTH (RAM))
                0x00000200                        _Min_Heap_Size = 0x200
                0x00000400                        _Min_Stack_Size = 0x400

.isr_vector     0x08000000       0xc0
                0x08000000                        . = ALIGN (0x4)
 *(.isr_vector)
 .isr_vector    0x08000000       0xc0 ./Core/Startup/startup_stm32l073rztx.o
                0x08000000                g_pfnVectors
                0x080000c0                        . = ALIGN (0x4)

.text           0x080000c0     0x5758
                0x080000c0                        . = ALIGN (0x4)
 *(.text)
 .text          0x080000c0       0x48 /opt/st/stm32cubeide_1.19.0/plugins/com.st.stm32cube.ide.mcu.externaltools.gnu-tools-for-stm32.13.3.rel1.linux64_1.0.0.202410170706/tools/bin/../lib/gcc/arm-none-eabi/13.3.1/thumb/v6-m/nofp/crtbegin.o
 .text          0x08000108      0x114 /opt/st/stm32cubeide_1.19.0/plugins/com.st.stm32cube.ide.mcu.externaltools.gnu-tools-for-stm32.13.3.rel1.linux64_1.0.0.202410170706/tools/bin/../lib/gcc/arm-none-eabi/13.3.1/thumb/v6-m/nofp/libgcc.a(_udivsi3.o)
                0x08000108                __udivsi3
                0x08000108                __aeabi_uidiv
                0x08000214                __aeabi_uidivmod
 .text          0x0800021c        0x4 /opt/st/stm32cubeide_1.19.0/plugins/com.st.stm32cube.ide.mcu.externaltools.gnu-tools-for-stm32.13.3.rel1.linux64_1.0.0.202410170706/tools/bin/../lib/gcc/arm-none-eabi/13.3.1/thumb/v6-m/nofp/libgcc.a(_dvmd_tls.o)
                0x0800021c                __aeabi_ldiv0
                0x0800021c                __aeabi_idiv0
 .text          0x08000220       0x40 /opt/st/stm32cubeide_1.19.0/plugins/com.st.stm32cube.ide.mcu.externaltools.gnu-tools-for-stm32.13.3.rel1.linux64_1.0.0.202410170706/tools/bin/../lib/gcc/arm-none-eabi/13.3.1/thumb/v6-m/nofp/libgcc.a(_aeabi_uldivmod.o)
                0x08000220                __aeabi_uldivmod
 .text          0x08000260      0x198 /opt/st/stm32cubeide_1.19.0/plugins/com.st.stm32cube.ide.mcu.externaltools.gnu-tools-for-stm32.13.3.rel1.linux64_1.0.0.202410170706/tools/bin/../lib/gcc/arm-none-eabi/13.3.1/thumb/v6-m/nofp/libgcc.a(_udivmoddi4.o)
                0x08000260                __udivmoddi4
 .text          0x080003f8       0x3c /opt/st/stm32cubeide_1.19.0/plugins/com.st.stm32cube.ide.mcu.externaltools.gnu-tools-for-stm32.13.3.rel1.linux64_1.0.0.202410170706/tools/bin/../lib/gcc/arm-none-eabi/13.3.1/thumb/v6-m/nofp/libgcc.a(_clzsi2.o)
                0x080003f8                __clzsi2
 .text          0x08000434       0x18 /opt/st/stm32cubeide_1.19.0/plugins/com.st.stm32cube.ide.mcu.externaltools.gnu-tools-for-stm32.13.3.rel1.linux64_1.0.0.202410170706/tools/bin/../lib/gcc/arm-none-eabi/13.3.1/thumb/v6-m/nofp/libgcc.a(_clzdi2.o)
                0x08000434                __clzdi2
 *(.text*)
 .text.find_char_after
                0x0800044c       0x78 ./Core/Src/main.o
                0x0800044c                find_char_after
 .text.join     0x080004c4      0x168 ./Core/Src/main.o
                0x080004c4                join
 .text.LoRaWAN_SendHex
                0x0800062c      0x128 ./Core/Src/main.o
                0x0800062c                LoRaWAN_SendHex
 .text.main     0x08000754       0xd8 ./Core/Src/main.o
                0x08000754                main
 .text.SystemClock_Config
                0x0800082c      0x10c ./Core/Src/main.o
                0x0800082c                SystemClock_Config
 .text.MX_ADC_Init
                0x08000938       0xc8 ./Core/Src/main.o
 .text.MX_I2C1_Init
                0x08000a00       0x80 ./Core/Src/main.o
 .text.MX_RTC_Init
                0x08000a80       0x68 ./Core/Src/main.o
 .text.MX_USART1_UART_Init
                0x08000ae8       0x68 ./Core/Src/main.o
 .text.MX_USART2_UART_Init
                0x08000b50       0x60 ./Core/Src/main.o
 .text.MX_GPIO_Init
                0x08000bb0       0xd4 ./Core/Src/main.o
 .text.configWakeupTime
                0x08000c84       0x34 ./Core/Src/main.o
                0x08000c84                configWakeupTime
 .text.HAL_RTCEx_WakeUpTimerEventCallback
                0x08000cb8       0x48 ./Core/Src/main.o
                0x08000cb8                HAL_RTCEx_WakeUpTimerEventCallback
 .text.ConfigureGPIOForLowPower
                0x08000d00      0x120 ./Core/Src/main.o
                0x08000d00                ConfigureGPIOForLowPower
 .text.EnterDeepSleepMode
                0x08000e20      0x128 ./Core/Src/main.o
                0x08000e20                EnterDeepSleepMode
 .text.Error_Handler
                0x08000f48       0x12 ./Core/Src/main.o
                0x08000f48                Error_Handler
 *fill*         0x08000f5a        0x2 
 .text.HAL_MspInit
                0x08000f5c       0x54 ./Core/Src/stm32l0xx_hal_msp.o
                0x08000f5c                HAL_MspInit
 .text.HAL_ADC_MspInit
                0x08000fb0       0x78 ./Core/Src/stm32l0xx_hal_msp.o
                0x08000fb0                HAL_ADC_MspInit
 .text.HAL_I2C_MspInit
                0x08001028       0x88 ./Core/Src/stm32l0xx_hal_msp.o
                0x08001028                HAL_I2C_MspInit
 .text.HAL_RTC_MspInit
                0x080010b0       0x40 ./Core/Src/stm32l0xx_hal_msp.o
                0x080010b0                HAL_RTC_MspInit
 .text.HAL_UART_MspInit
                0x080010f0       0xec ./Core/Src/stm32l0xx_hal_msp.o
                0x080010f0                HAL_UART_MspInit
 .text.NMI_Handler
                0x080011dc        0x8 ./Core/Src/stm32l0xx_it.o
                0x080011dc                NMI_Handler
 .text.HardFault_Handler
                0x080011e4        0x8 ./Core/Src/stm32l0xx_it.o
                0x080011e4                HardFault_Handler
 .text.SVC_Handler
                0x080011ec        0xa ./Core/Src/stm32l0xx_it.o
                0x080011ec                SVC_Handler
 .text.PendSV_Handler
                0x080011f6        0xa ./Core/Src/stm32l0xx_it.o
                0x080011f6                PendSV_Handler
 .text.SysTick_Handler
                0x08001200        0xe ./Core/Src/stm32l0xx_it.o
                0x08001200                SysTick_Handler
 *fill*         0x0800120e        0x2 
 .text.RTC_IRQHandler
                0x08001210       0x18 ./Core/Src/stm32l0xx_it.o
                0x08001210                RTC_IRQHandler
 .text.SystemInit
                0x08001228        0xa ./Core/Src/system_stm32l0xx.o
                0x08001228                SystemInit
 *fill*         0x08001232        0x2 
 .text.scan_i2c_bus
                0x08001234       0x50 ./Core/Src/sensirion/sensirion.o
                0x08001234                scan_i2c_bus
 .text.sensor_init_and_read
                0x08001284      0x188 ./Core/Src/sensirion/sensirion.o
                0x08001284                sensor_init_and_read
 .text.sensirion_common_bytes_to_uint16_t
                0x0800140c       0x28 ./Core/Src/sensirion/sensirion_common.o
                0x0800140c                sensirion_common_bytes_to_uint16_t
 .text.sensirion_i2c_generate_crc
                0x08001434       0xae ./Core/Src/sensirion/sensirion_i2c.o
                0x08001434                sensirion_i2c_generate_crc
 .text.sensirion_i2c_check_crc
                0x080014e2       0x40 ./Core/Src/sensirion/sensirion_i2c.o
                0x080014e2                sensirion_i2c_check_crc
 .text.sensirion_i2c_add_command8_to_buffer
                0x08001522       0x3a ./Core/Src/sensirion/sensirion_i2c.o
                0x08001522                sensirion_i2c_add_command8_to_buffer
 .text.sensirion_i2c_write_data
                0x0800155c       0x32 ./Core/Src/sensirion/sensirion_i2c.o
                0x0800155c                sensirion_i2c_write_data
 .text.sensirion_i2c_read_data_inplace
                0x0800158e      0x120 ./Core/Src/sensirion/sensirion_i2c.o
                0x0800158e                sensirion_i2c_read_data_inplace
 *fill*         0x080016ae        0x2 
 .text.sensirion_i2c_hal_read
                0x080016b0       0x5c ./Core/Src/sensirion/sensirion_i2c_hal.o
                0x080016b0                sensirion_i2c_hal_read
 .text.sensirion_i2c_hal_write
                0x0800170c       0x5c ./Core/Src/sensirion/sensirion_i2c_hal.o
                0x0800170c                sensirion_i2c_hal_write
 .text.sensirion_i2c_hal_sleep_usec
                0x08001768       0x54 ./Core/Src/sensirion/sensirion_i2c_hal.o
                0x08001768                sensirion_i2c_hal_sleep_usec
 .text.sht4x_init
                0x080017bc       0x20 ./Core/Src/sensirion/sht4x_i2c.o
                0x080017bc                sht4x_init
 .text.sht4x_measure_high_precision_ticks
                0x080017dc       0xc8 ./Core/Src/sensirion/sht4x_i2c.o
                0x080017dc                sht4x_measure_high_precision_ticks
 .text.sht4x_soft_reset
                0x080018a4       0x78 ./Core/Src/sensirion/sht4x_i2c.o
                0x080018a4                sht4x_soft_reset
 .text.Reset_Handler
                0x0800191c       0x50 ./Core/Startup/startup_stm32l073rztx.o
                0x0800191c                Reset_Handler
 .text.Default_Handler
                0x0800196c        0x2 ./Core/Startup/startup_stm32l073rztx.o
                0x0800196c                TSC_IRQHandler
                0x0800196c                ADC1_COMP_IRQHandler
                0x0800196c                PVD_IRQHandler
                0x0800196c                I2C1_IRQHandler
                0x0800196c                RCC_CRS_IRQHandler
                0x0800196c                SPI1_IRQHandler
                0x0800196c                TIM6_DAC_IRQHandler
                0x0800196c                EXTI2_3_IRQHandler
                0x0800196c                I2C2_IRQHandler
                0x0800196c                LCD_IRQHandler
                0x0800196c                DMA1_Channel4_5_6_7_IRQHandler
                0x0800196c                TIM3_IRQHandler
                0x0800196c                EXTI4_15_IRQHandler
                0x0800196c                DMA1_Channel1_IRQHandler
                0x0800196c                USART4_5_IRQHandler
                0x0800196c                Default_Handler
                0x0800196c                TIM22_IRQHandler
                0x0800196c                TIM7_IRQHandler
                0x0800196c                EXTI0_1_IRQHandler
                0x0800196c                USB_IRQHandler
                0x0800196c                I2C3_IRQHandler
                0x0800196c                SPI2_IRQHandler
                0x0800196c                TIM21_IRQHandler
                0x0800196c                WWDG_IRQHandler
                0x0800196c                TIM2_IRQHandler
                0x0800196c                DMA1_Channel2_3_IRQHandler
                0x0800196c                USART2_IRQHandler
                0x0800196c                FLASH_IRQHandler
                0x0800196c                USART1_IRQHandler
                0x0800196c                RNG_LPUART1_IRQHandler
                0x0800196c                LPTIM1_IRQHandler
 *fill*         0x0800196e        0x2 
 .text.HAL_Init
                0x08001970       0x40 ./Drivers/STM32L0xx_HAL_Driver/Src/stm32l0xx_hal.o
                0x08001970                HAL_Init
 .text.HAL_InitTick
                0x080019b0       0x68 ./Drivers/STM32L0xx_HAL_Driver/Src/stm32l0xx_hal.o
                0x080019b0                HAL_InitTick
 .text.HAL_IncTick
                0x08001a18       0x24 ./Drivers/STM32L0xx_HAL_Driver/Src/stm32l0xx_hal.o
                0x08001a18                HAL_IncTick
 .text.HAL_GetTick
                0x08001a3c       0x14 ./Drivers/STM32L0xx_HAL_Driver/Src/stm32l0xx_hal.o
                0x08001a3c                HAL_GetTick
 .text.HAL_Delay
                0x08001a50       0x48 ./Drivers/STM32L0xx_HAL_Driver/Src/stm32l0xx_hal.o
                0x08001a50                HAL_Delay
 .text.HAL_SuspendTick
                0x08001a98       0x1c ./Drivers/STM32L0xx_HAL_Driver/Src/stm32l0xx_hal.o
                0x08001a98                HAL_SuspendTick
 .text.HAL_ResumeTick
                0x08001ab4       0x1c ./Drivers/STM32L0xx_HAL_Driver/Src/stm32l0xx_hal.o
                0x08001ab4                HAL_ResumeTick
 .text.HAL_GetHalVersion
                0x08001ad0       0x10 ./Drivers/STM32L0xx_HAL_Driver/Src/stm32l0xx_hal.o
                0x08001ad0                HAL_GetHalVersion
 .text.HAL_ADC_Init
                0x08001ae0      0x2e8 ./Drivers/STM32L0xx_HAL_Driver/Src/stm32l0xx_hal_adc.o
                0x08001ae0                HAL_ADC_Init
 .text.HAL_ADC_ConfigChannel
                0x08001dc8      0x140 ./Drivers/STM32L0xx_HAL_Driver/Src/stm32l0xx_hal_adc.o
                0x08001dc8                HAL_ADC_ConfigChannel
 .text.ADC_DelayMicroSecond
                0x08001f08       0x40 ./Drivers/STM32L0xx_HAL_Driver/Src/stm32l0xx_hal_adc.o
 .text.__NVIC_EnableIRQ
                0x08001f48       0x34 ./Drivers/STM32L0xx_HAL_Driver/Src/stm32l0xx_hal_cortex.o
 .text.__NVIC_SetPriority
                0x08001f7c       0xdc ./Drivers/STM32L0xx_HAL_Driver/Src/stm32l0xx_hal_cortex.o
 .text.__NVIC_SystemReset
                0x08002058       0x24 ./Drivers/STM32L0xx_HAL_Driver/Src/stm32l0xx_hal_cortex.o
 .text.SysTick_Config
                0x0800207c       0x48 ./Drivers/STM32L0xx_HAL_Driver/Src/stm32l0xx_hal_cortex.o
 .text.HAL_NVIC_SetPriority
                0x080020c4       0x2a ./Drivers/STM32L0xx_HAL_Driver/Src/stm32l0xx_hal_cortex.o
                0x080020c4                HAL_NVIC_SetPriority
 .text.HAL_NVIC_EnableIRQ
                0x080020ee       0x20 ./Drivers/STM32L0xx_HAL_Driver/Src/stm32l0xx_hal_cortex.o
                0x080020ee                HAL_NVIC_EnableIRQ
 .text.HAL_NVIC_SystemReset
                0x0800210e        0x8 ./Drivers/STM32L0xx_HAL_Driver/Src/stm32l0xx_hal_cortex.o
                0x0800210e                HAL_NVIC_SystemReset
 .text.HAL_SYSTICK_Config
                0x08002116       0x1a ./Drivers/STM32L0xx_HAL_Driver/Src/stm32l0xx_hal_cortex.o
                0x08002116                HAL_SYSTICK_Config
 .text.HAL_GPIO_Init
                0x08002130      0x2fc ./Drivers/STM32L0xx_HAL_Driver/Src/stm32l0xx_hal_gpio.o
                0x08002130                HAL_GPIO_Init
 .text.HAL_GPIO_WritePin
                0x0800242c       0x3a ./Drivers/STM32L0xx_HAL_Driver/Src/stm32l0xx_hal_gpio.o
                0x0800242c                HAL_GPIO_WritePin
 *fill*         0x08002466        0x2 
 .text.HAL_I2C_Init
                0x08002468      0x14c ./Drivers/STM32L0xx_HAL_Driver/Src/stm32l0xx_hal_i2c.o
                0x08002468                HAL_I2C_Init
 .text.HAL_I2C_Master_Transmit
                0x080025b4      0x254 ./Drivers/STM32L0xx_HAL_Driver/Src/stm32l0xx_hal_i2c.o
                0x080025b4                HAL_I2C_Master_Transmit
 .text.HAL_I2C_Master_Receive
                0x08002808      0x210 ./Drivers/STM32L0xx_HAL_Driver/Src/stm32l0xx_hal_i2c.o
                0x08002808                HAL_I2C_Master_Receive
 .text.HAL_I2C_IsDeviceReady
                0x08002a18      0x1f8 ./Drivers/STM32L0xx_HAL_Driver/Src/stm32l0xx_hal_i2c.o
                0x08002a18                HAL_I2C_IsDeviceReady
 .text.I2C_Flush_TXDR
                0x08002c10       0x44 ./Drivers/STM32L0xx_HAL_Driver/Src/stm32l0xx_hal_i2c.o
 .text.I2C_WaitOnFlagUntilTimeout
                0x08002c54       0xb0 ./Drivers/STM32L0xx_HAL_Driver/Src/stm32l0xx_hal_i2c.o
 .text.I2C_WaitOnTXISFlagUntilTimeout
                0x08002d04       0x8c ./Drivers/STM32L0xx_HAL_Driver/Src/stm32l0xx_hal_i2c.o
 .text.I2C_WaitOnSTOPFlagUntilTimeout
                0x08002d90       0x86 ./Drivers/STM32L0xx_HAL_Driver/Src/stm32l0xx_hal_i2c.o
 *fill*         0x08002e16        0x2 
 .text.I2C_WaitOnRXNEFlagUntilTimeout
                0x08002e18      0x13c ./Drivers/STM32L0xx_HAL_Driver/Src/stm32l0xx_hal_i2c.o
 .text.I2C_IsErrorOccurred
                0x08002f54      0x1f0 ./Drivers/STM32L0xx_HAL_Driver/Src/stm32l0xx_hal_i2c.o
 .text.I2C_TransferConfig
                0x08003144       0x74 ./Drivers/STM32L0xx_HAL_Driver/Src/stm32l0xx_hal_i2c.o
 .text.HAL_I2CEx_ConfigAnalogFilter
                0x080031b8       0x98 ./Drivers/STM32L0xx_HAL_Driver/Src/stm32l0xx_hal_i2c_ex.o
                0x080031b8                HAL_I2CEx_ConfigAnalogFilter
 .text.HAL_I2CEx_ConfigDigitalFilter
                0x08003250       0x98 ./Drivers/STM32L0xx_HAL_Driver/Src/stm32l0xx_hal_i2c_ex.o
                0x08003250                HAL_I2CEx_ConfigDigitalFilter
 .text.HAL_PWR_EnableBkUpAccess
                0x080032e8       0x1c ./Drivers/STM32L0xx_HAL_Driver/Src/stm32l0xx_hal_pwr.o
                0x080032e8                HAL_PWR_EnableBkUpAccess
 .text.HAL_PWR_ConfigPVD
                0x08003304       0xc4 ./Drivers/STM32L0xx_HAL_Driver/Src/stm32l0xx_hal_pwr.o
                0x08003304                HAL_PWR_ConfigPVD
 .text.HAL_PWR_EnablePVD
                0x080033c8       0x1c ./Drivers/STM32L0xx_HAL_Driver/Src/stm32l0xx_hal_pwr.o
                0x080033c8                HAL_PWR_EnablePVD
 .text.HAL_PWR_EnterSTOPMode
                0x080033e4       0xb8 ./Drivers/STM32L0xx_HAL_Driver/Src/stm32l0xx_hal_pwr.o
                0x080033e4                HAL_PWR_EnterSTOPMode
 .text.HAL_RCC_OscConfig
                0x0800349c      0x7a8 ./Drivers/STM32L0xx_HAL_Driver/Src/stm32l0xx_hal_rcc.o
                0x0800349c                HAL_RCC_OscConfig
 .text.HAL_RCC_ClockConfig
                0x08003c44      0x290 ./Drivers/STM32L0xx_HAL_Driver/Src/stm32l0xx_hal_rcc.o
                0x08003c44                HAL_RCC_ClockConfig
 .text.HAL_RCC_GetSysClockFreq
                0x08003ed4      0x10c ./Drivers/STM32L0xx_HAL_Driver/Src/stm32l0xx_hal_rcc.o
                0x08003ed4                HAL_RCC_GetSysClockFreq
 .text.HAL_RCC_GetHCLKFreq
                0x08003fe0       0x14 ./Drivers/STM32L0xx_HAL_Driver/Src/stm32l0xx_hal_rcc.o
                0x08003fe0                HAL_RCC_GetHCLKFreq
 .text.HAL_RCC_GetPCLK1Freq
                0x08003ff4       0x2c ./Drivers/STM32L0xx_HAL_Driver/Src/stm32l0xx_hal_rcc.o
                0x08003ff4                HAL_RCC_GetPCLK1Freq
 .text.HAL_RCC_GetPCLK2Freq
                0x08004020       0x2c ./Drivers/STM32L0xx_HAL_Driver/Src/stm32l0xx_hal_rcc.o
                0x08004020                HAL_RCC_GetPCLK2Freq
 .text.HAL_RCCEx_PeriphCLKConfig
                0x0800404c      0x33c ./Drivers/STM32L0xx_HAL_Driver/Src/stm32l0xx_hal_rcc_ex.o
                0x0800404c                HAL_RCCEx_PeriphCLKConfig
 .text.HAL_RCCEx_EnableLSECSS
                0x08004388       0x1c ./Drivers/STM32L0xx_HAL_Driver/Src/stm32l0xx_hal_rcc_ex.o
                0x08004388                HAL_RCCEx_EnableLSECSS
 .text.HAL_RTC_Init
                0x080043a4      0x138 ./Drivers/STM32L0xx_HAL_Driver/Src/stm32l0xx_hal_rtc.o
                0x080043a4                HAL_RTC_Init
 .text.HAL_RTC_WaitForSynchro
                0x080044dc       0x50 ./Drivers/STM32L0xx_HAL_Driver/Src/stm32l0xx_hal_rtc.o
                0x080044dc                HAL_RTC_WaitForSynchro
 .text.RTC_EnterInitMode
                0x0800452c       0x88 ./Drivers/STM32L0xx_HAL_Driver/Src/stm32l0xx_hal_rtc.o
                0x0800452c                RTC_EnterInitMode
 .text.RTC_ExitInitMode
                0x080045b4       0x54 ./Drivers/STM32L0xx_HAL_Driver/Src/stm32l0xx_hal_rtc.o
                0x080045b4                RTC_ExitInitMode
 .text.HAL_RTCEx_SetWakeUpTimer_IT
                0x08004608      0x1b0 ./Drivers/STM32L0xx_HAL_Driver/Src/stm32l0xx_hal_rtc_ex.o
                0x08004608                HAL_RTCEx_SetWakeUpTimer_IT
 .text.HAL_RTCEx_WakeUpTimerIRQHandler
                0x080047b8       0x60 ./Drivers/STM32L0xx_HAL_Driver/Src/stm32l0xx_hal_rtc_ex.o
                0x080047b8                HAL_RTCEx_WakeUpTimerIRQHandler
 .text.HAL_UART_Init
                0x08004818       0xa8 ./Drivers/STM32L0xx_HAL_Driver/Src/stm32l0xx_hal_uart.o
                0x08004818                HAL_UART_Init
 .text.HAL_UART_Transmit
                0x080048c0      0x13e ./Drivers/STM32L0xx_HAL_Driver/Src/stm32l0xx_hal_uart.o
                0x080048c0                HAL_UART_Transmit
 *fill*         0x080049fe        0x2 
 .text.HAL_UART_Receive
                0x08004a00      0x1cc ./Drivers/STM32L0xx_HAL_Driver/Src/stm32l0xx_hal_uart.o
                0x08004a00                HAL_UART_Receive
 .text.UART_SetConfig
                0x08004bcc      0x53c ./Drivers/STM32L0xx_HAL_Driver/Src/stm32l0xx_hal_uart.o
                0x08004bcc                UART_SetConfig
 .text.UART_AdvFeatureConfig
                0x08005108      0x168 ./Drivers/STM32L0xx_HAL_Driver/Src/stm32l0xx_hal_uart.o
                0x08005108                UART_AdvFeatureConfig
 .text.UART_CheckIdleState
                0x08005270      0x150 ./Drivers/STM32L0xx_HAL_Driver/Src/stm32l0xx_hal_uart.o
                0x08005270                UART_CheckIdleState
 .text.UART_WaitOnFlagUntilTimeout
                0x080053c0       0xde ./Drivers/STM32L0xx_HAL_Driver/Src/stm32l0xx_hal_uart.o
                0x080053c0                UART_WaitOnFlagUntilTimeout
 *fill*         0x0800549e        0x2 
 .text.UART_EndRxTransfer
                0x080054a0       0xc8 ./Drivers/STM32L0xx_HAL_Driver/Src/stm32l0xx_hal_uart.o
 .text.HAL_UARTEx_ReceiveToIdle
                0x08005568      0x240 ./Drivers/STM32L0xx_HAL_Driver/Src/stm32l0xx_hal_uart_ex.o
                0x08005568                HAL_UARTEx_ReceiveToIdle
 .text.memset   0x080057a8       0x10 /opt/st/stm32cubeide_1.19.0/plugins/com.st.stm32cube.ide.mcu.externaltools.gnu-tools-for-stm32.13.3.rel1.linux64_1.0.0.202410170706/tools/bin/../lib/gcc/arm-none-eabi/13.3.1/../../../../arm-none-eabi/lib/thumb/v6-m/nofp/libc_nano.a(libc_a-memset.o)
                0x080057a8                memset
 .text.__libc_init_array
                0x080057b8       0x48 /opt/st/stm32cubeide_1.19.0/plugins/com.st.stm32cube.ide.mcu.externaltools.gnu-tools-for-stm32.13.3.rel1.linux64_1.0.0.202410170706/tools/bin/../lib/gcc/arm-none-eabi/13.3.1/../../../../arm-none-eabi/lib/thumb/v6-m/nofp/libc_nano.a(libc_a-init.o)
                0x080057b8                __libc_init_array
 *(.glue_7)
 .glue_7        0x08005800        0x0 linker stubs
 *(.glue_7t)
 .glue_7t       0x08005800        0x0 linker stubs
 *(.eh_frame)
 .eh_frame      0x08005800        0x0 /opt/st/stm32cubeide_1.19.0/plugins/com.st.stm32cube.ide.mcu.externaltools.gnu-tools-for-stm32.13.3.rel1.linux64_1.0.0.202410170706/tools/bin/../lib/gcc/arm-none-eabi/13.3.1/thumb/v6-m/nofp/crtbegin.o
 *(.init)
 .init          0x08005800        0x4 /opt/st/stm32cubeide_1.19.0/plugins/com.st.stm32cube.ide.mcu.externaltools.gnu-tools-for-stm32.13.3.rel1.linux64_1.0.0.202410170706/tools/bin/../lib/gcc/arm-none-eabi/13.3.1/thumb/v6-m/nofp/crti.o
                0x08005800                _init
 .init          0x08005804        0x8 /opt/st/stm32cubeide_1.19.0/plugins/com.st.stm32cube.ide.mcu.externaltools.gnu-tools-for-stm32.13.3.rel1.linux64_1.0.0.202410170706/tools/bin/../lib/gcc/arm-none-eabi/13.3.1/thumb/v6-m/nofp/crtn.o
 *(.fini)
 .fini          0x0800580c        0x4 /opt/st/stm32cubeide_1.19.0/plugins/com.st.stm32cube.ide.mcu.externaltools.gnu-tools-for-stm32.13.3.rel1.linux64_1.0.0.202410170706/tools/bin/../lib/gcc/arm-none-eabi/13.3.1/thumb/v6-m/nofp/crti.o
                0x0800580c                _fini
 .fini          0x08005810        0x8 /opt/st/stm32cubeide_1.19.0/plugins/com.st.stm32cube.ide.mcu.externaltools.gnu-tools-for-stm32.13.3.rel1.linux64_1.0.0.202410170706/tools/bin/../lib/gcc/arm-none-eabi/13.3.1/thumb/v6-m/nofp/crtn.o
                0x08005818                        . = ALIGN (0x4)
                0x08005818                        _etext = .

.vfp11_veneer   0x08005818        0x0
 .vfp11_veneer  0x08005818        0x0 linker stubs

.v4_bx          0x08005818        0x0
 .v4_bx         0x08005818        0x0 linker stubs

.iplt           0x08005818        0x0
 .iplt          0x08005818        0x0 /opt/st/stm32cubeide_1.19.0/plugins/com.st.stm32cube.ide.mcu.externaltools.gnu-tools-for-stm32.13.3.rel1.linux64_1.0.0.202410170706/tools/bin/../lib/gcc/arm-none-eabi/13.3.1/thumb/v6-m/nofp/crtbegin.o

.rodata         0x08005818       0xcc
                0x08005818                        . = ALIGN (0x4)
 *(.rodata)
 .rodata        0x08005818       0x3e ./Core/Src/main.o
 *(.rodata*)
 *fill*         0x08005856        0x2 
 .rodata.prefix.3
                0x08005858        0xa ./Core/Src/main.o
 *fill*         0x08005862        0x2 
 .rodata.HEX.1  0x08005864       0x10 ./Core/Src/main.o
 .rodata.suffix.0
                0x08005874        0x4 ./Core/Src/main.o
 .rodata.AHBPrescTable
                0x08005878       0x10 ./Core/Src/system_stm32l0xx.o
                0x08005878                AHBPrescTable
 .rodata.APBPrescTable
                0x08005888        0x8 ./Core/Src/system_stm32l0xx.o
                0x08005888                APBPrescTable
 .rodata.PLLMulTable
                0x08005890        0x9 ./Core/Src/system_stm32l0xx.o
                0x08005890                PLLMulTable
 *fill*         0x08005899        0x3 
 .rodata.UART_SetConfig
                0x0800589c       0x48 ./Drivers/STM32L0xx_HAL_Driver/Src/stm32l0xx_hal_uart.o
                0x080058e4                        . = ALIGN (0x4)

.ARM.extab      0x080058e4        0x0
                0x080058e4                        . = ALIGN (0x4)
 *(.ARM.extab* .gnu.linkonce.armextab.*)
                0x080058e4                        . = ALIGN (0x4)

.ARM            0x080058e4        0x8
                0x080058e4                        . = ALIGN (0x4)
                0x080058e4                        __exidx_start = .
 *(.ARM.exidx*)
 .ARM.exidx     0x080058e4        0x8 /opt/st/stm32cubeide_1.19.0/plugins/com.st.stm32cube.ide.mcu.externaltools.gnu-tools-for-stm32.13.3.rel1.linux64_1.0.0.202410170706/tools/bin/../lib/gcc/arm-none-eabi/13.3.1/thumb/v6-m/nofp/libgcc.a(_udivmoddi4.o)
                0x080058ec                        __exidx_end = .
                0x080058ec                        . = ALIGN (0x4)

.preinit_array  0x080058ec        0x0
                0x080058ec                        . = ALIGN (0x4)
                0x080058ec                        PROVIDE (__preinit_array_start = .)
 *(.preinit_array*)
                0x080058ec                        PROVIDE (__preinit_array_end = .)
                0x080058ec                        . = ALIGN (0x4)

.init_array     0x080058ec        0x4
                0x080058ec                        . = ALIGN (0x4)
                0x080058ec                        PROVIDE (__init_array_start = .)
 *(SORT_BY_NAME(.init_array.*))
 *(.init_array*)
 .init_array    0x080058ec        0x4 /opt/st/stm32cubeide_1.19.0/plugins/com.st.stm32cube.ide.mcu.externaltools.gnu-tools-for-stm32.13.3.rel1.linux64_1.0.0.202410170706/tools/bin/../lib/gcc/arm-none-eabi/13.3.1/thumb/v6-m/nofp/crtbegin.o
                0x080058f0                        PROVIDE (__init_array_end = .)
                0x080058f0                        . = ALIGN (0x4)

.fini_array     0x080058f0        0x4
                0x080058f0                        . = ALIGN (0x4)
                [!provide]                        PROVIDE (__fini_array_start = .)
 *(SORT_BY_NAME(.fini_array.*))
 *(.fini_array*)
 .fini_array    0x080058f0        0x4 /opt/st/stm32cubeide_1.19.0/plugins/com.st.stm32cube.ide.mcu.externaltools.gnu-tools-for-stm32.13.3.rel1.linux64_1.0.0.202410170706/tools/bin/../lib/gcc/arm-none-eabi/13.3.1/thumb/v6-m/nofp/crtbegin.o
                [!provide]                        PROVIDE (__fini_array_end = .)
                0x080058f4                        . = ALIGN (0x4)
                0x080058f4                        _sidata = LOADADDR (.data)

.rel.dyn        0x080058f4        0x0
 .rel.iplt      0x080058f4        0x0 /opt/st/stm32cubeide_1.19.0/plugins/com.st.stm32cube.ide.mcu.externaltools.gnu-tools-for-stm32.13.3.rel1.linux64_1.0.0.202410170706/tools/bin/../lib/gcc/arm-none-eabi/13.3.1/thumb/v6-m/nofp/crtbegin.o

.data           0x20000000       0x10 load address 0x080058f4
                0x20000000                        . = ALIGN (0x4)
                0x20000000                        _sdata = .
 *(.data)
 *(.data*)
 .data.first_run
                0x20000000        0x1 ./Core/Src/main.o
 *fill*         0x20000001        0x3 
 .data.SystemCoreClock
                0x20000004        0x4 ./Core/Src/system_stm32l0xx.o
                0x20000004                SystemCoreClock
 .data.uwTickPrio
                0x20000008        0x4 ./Drivers/STM32L0xx_HAL_Driver/Src/stm32l0xx_hal.o
                0x20000008                uwTickPrio
 .data.uwTickFreq
                0x2000000c        0x1 ./Drivers/STM32L0xx_HAL_Driver/Src/stm32l0xx_hal.o
                0x2000000c                uwTickFreq
 *(.RamFunc)
 *(.RamFunc*)
                0x20000010                        . = ALIGN (0x4)
 *fill*         0x2000000d        0x3 
                0x20000010                        _edata = .

.igot.plt       0x20000010        0x0 load address 0x08005904
 .igot.plt      0x20000010        0x0 /opt/st/stm32cubeide_1.19.0/plugins/com.st.stm32cube.ide.mcu.externaltools.gnu-tools-for-stm32.13.3.rel1.linux64_1.0.0.202410170706/tools/bin/../lib/gcc/arm-none-eabi/13.3.1/thumb/v6-m/nofp/crtbegin.o
                0x20000010                        . = ALIGN (0x4)

.bss            0x20000010      0x420 load address 0x08005904
                0x20000010                        _sbss = .
                0x20000010                        __bss_start__ = _sbss
 *(.bss)
 .bss           0x20000010       0x1c /opt/st/stm32cubeide_1.19.0/plugins/com.st.stm32cube.ide.mcu.externaltools.gnu-tools-for-stm32.13.3.rel1.linux64_1.0.0.202410170706/tools/bin/../lib/gcc/arm-none-eabi/13.3.1/thumb/v6-m/nofp/crtbegin.o
 *(.bss*)
 .bss.hadc      0x2000002c       0x5c ./Core/Src/main.o
                0x2000002c                hadc
 .bss.hi2c1     0x20000088       0x54 ./Core/Src/main.o
                0x20000088                hi2c1
 .bss.hrtc      0x200000dc       0x24 ./Core/Src/main.o
                0x200000dc                hrtc
 .bss.huart1    0x20000100       0x88 ./Core/Src/main.o
                0x20000100                huart1
 .bss.huart2    0x20000188       0x88 ./Core/Src/main.o
                0x20000188                huart2
 .bss.wakeup_counter
                0x20000210        0x1 ./Core/Src/main.o
 *fill*         0x20000211        0x3 
 .bss.txbuf.2   0x20000214      0x200 ./Core/Src/main.o
 .bss.has_sensor_1
                0x20000414        0x1 ./Core/Src/sensirion/sensirion.o
                0x20000414                has_sensor_1
 .bss.has_sensor_2
                0x20000415        0x1 ./Core/Src/sensirion/sensirion.o
                0x20000415                has_sensor_2
 .bss.temp_ticks_1
                0x20000416        0x2 ./Core/Src/sensirion/sensirion.o
                0x20000416                temp_ticks_1
 .bss.hum_ticks_1
                0x20000418        0x2 ./Core/Src/sensirion/sensirion.o
                0x20000418                hum_ticks_1
 .bss.temp_ticks_2
                0x2000041a        0x2 ./Core/Src/sensirion/sensirion.o
                0x2000041a                temp_ticks_2
 .bss.hum_ticks_2
                0x2000041c        0x2 ./Core/Src/sensirion/sensirion.o
                0x2000041c                hum_ticks_2
 .bss.calculated_temp
                0x2000041e        0x2 ./Core/Src/sensirion/sensirion.o
                0x2000041e                calculated_temp
 .bss.calculated_hum
                0x20000420        0x1 ./Core/Src/sensirion/sensirion.o
                0x20000420                calculated_hum
 *fill*         0x20000421        0x1 
 .bss.i2c_error_code
                0x20000422        0x2 ./Core/Src/sensirion/sensirion.o
                0x20000422                i2c_error_code
 .bss.communication_buffer
                0x20000424        0x6 ./Core/Src/sensirion/sht4x_i2c.o
 .bss._i2c_address
                0x2000042a        0x1 ./Core/Src/sensirion/sht4x_i2c.o
 *fill*         0x2000042b        0x1 
 .bss.uwTick    0x2000042c        0x4 ./Drivers/STM32L0xx_HAL_Driver/Src/stm32l0xx_hal.o
                0x2000042c                uwTick
 *(COMMON)
                0x20000430                        . = ALIGN (0x4)
                0x20000430                        _ebss = .
                0x20000430                        __bss_end__ = _ebss

._user_heap_stack
                0x20000430      0x600 load address 0x08005904
                0x20000430                        . = ALIGN (0x8)
                [!provide]                        PROVIDE (end = .)
                0x20000430                        PROVIDE (_end = .)
                0x20000630                        . = (. + _Min_Heap_Size)
 *fill*         0x20000430      0x200 
                0x20000a30                        . = (. + _Min_Stack_Size)
 *fill*         0x20000630      0x400 
                0x20000a30                        . = ALIGN (0x8)

/DISCARD/
 libc.a(*)
 libm.a(*)
 libgcc.a(*)

.ARM.attributes
                0x00000000       0x28
 *(.ARM.attributes)
 .ARM.attributes
                0x00000000       0x1e /opt/st/stm32cubeide_1.19.0/plugins/com.st.stm32cube.ide.mcu.externaltools.gnu-tools-for-stm32.13.3.rel1.linux64_1.0.0.202410170706/tools/bin/../lib/gcc/arm-none-eabi/13.3.1/thumb/v6-m/nofp/crti.o
 .ARM.attributes
                0x0000001e       0x2c /opt/st/stm32cubeide_1.19.0/plugins/com.st.stm32cube.ide.mcu.externaltools.gnu-tools-for-stm32.13.3.rel1.linux64_1.0.0.202410170706/tools/bin/../lib/gcc/arm-none-eabi/13.3.1/thumb/v6-m/nofp/crtbegin.o
 .ARM.attributes
                0x0000004a       0x2c ./Core/Src/main.o
 .ARM.attributes
                0x00000076       0x2c ./Core/Src/stm32l0xx_hal_msp.o
 .ARM.attributes
                0x000000a2       0x2c ./Core/Src/stm32l0xx_it.o
 .ARM.attributes
                0x000000ce       0x2c ./Core/Src/system_stm32l0xx.o
 .ARM.attributes
                0x000000fa       0x2c ./Core/Src/sensirion/sensirion.o
 .ARM.attributes
                0x00000126       0x2c ./Core/Src/sensirion/sensirion_common.o
 .ARM.attributes
                0x00000152       0x2c ./Core/Src/sensirion/sensirion_i2c.o
 .ARM.attributes
                0x0000017e       0x2c ./Core/Src/sensirion/sensirion_i2c_hal.o
 .ARM.attributes
                0x000001aa       0x2c ./Core/Src/sensirion/sht4x_i2c.o
 .ARM.attributes
                0x000001d6       0x22 ./Core/Startup/startup_stm32l073rztx.o
 .ARM.attributes
                0x000001f8       0x2c ./Drivers/STM32L0xx_HAL_Driver/Src/stm32l0xx_hal.o
 .ARM.attributes
                0x00000224       0x2c ./Drivers/STM32L0xx_HAL_Driver/Src/stm32l0xx_hal_adc.o
 .ARM.attributes
                0x00000250       0x2c ./Drivers/STM32L0xx_HAL_Driver/Src/stm32l0xx_hal_cortex.o
 .ARM.attributes
                0x0000027c       0x2c ./Drivers/STM32L0xx_HAL_Driver/Src/stm32l0xx_hal_gpio.o
 .ARM.attributes
                0x000002a8       0x2c ./Drivers/STM32L0xx_HAL_Driver/Src/stm32l0xx_hal_i2c.o
 .ARM.attributes
                0x000002d4       0x2c ./Drivers/STM32L0xx_HAL_Driver/Src/stm32l0xx_hal_i2c_ex.o
 .ARM.attributes
                0x00000300       0x2c ./Drivers/STM32L0xx_HAL_Driver/Src/stm32l0xx_hal_pwr.o
 .ARM.attributes
                0x0000032c       0x2c ./Drivers/STM32L0xx_HAL_Driver/Src/stm32l0xx_hal_rcc.o
 .ARM.attributes
                0x00000358       0x2c ./Drivers/STM32L0xx_HAL_Driver/Src/stm32l0xx_hal_rcc_ex.o
 .ARM.attributes
                0x00000384       0x2c ./Drivers/STM32L0xx_HAL_Driver/Src/stm32l0xx_hal_rtc.o
 .ARM.attributes
                0x000003b0       0x2c ./Drivers/STM32L0xx_HAL_Driver/Src/stm32l0xx_hal_rtc_ex.o
 .ARM.attributes
                0x000003dc       0x2c ./Drivers/STM32L0xx_HAL_Driver/Src/stm32l0xx_hal_uart.o
 .ARM.attributes
                0x00000408       0x2c ./Drivers/STM32L0xx_HAL_Driver/Src/stm32l0xx_hal_uart_ex.o
 .ARM.attributes
                0x00000434       0x2c /opt/st/stm32cubeide_1.19.0/plugins/com.st.stm32cube.ide.mcu.externaltools.gnu-tools-for-stm32.13.3.rel1.linux64_1.0.0.202410170706/tools/bin/../lib/gcc/arm-none-eabi/13.3.1/../../../../arm-none-eabi/lib/thumb/v6-m/nofp/libc_nano.a(libc_a-memset.o)
 .ARM.attributes
                0x00000460       0x2c /opt/st/stm32cubeide_1.19.0/plugins/com.st.stm32cube.ide.mcu.externaltools.gnu-tools-for-stm32.13.3.rel1.linux64_1.0.0.202410170706/tools/bin/../lib/gcc/arm-none-eabi/13.3.1/../../../../arm-none-eabi/lib/thumb/v6-m/nofp/libc_nano.a(libc_a-init.o)
 .ARM.attributes
                0x0000048c       0x1e /opt/st/stm32cubeide_1.19.0/plugins/com.st.stm32cube.ide.mcu.externaltools.gnu-tools-for-stm32.13.3.rel1.linux64_1.0.0.202410170706/tools/bin/../lib/gcc/arm-none-eabi/13.3.1/thumb/v6-m/nofp/libgcc.a(_udivsi3.o)
 .ARM.attributes
                0x000004aa       0x1e /opt/st/stm32cubeide_1.19.0/plugins/com.st.stm32cube.ide.mcu.externaltools.gnu-tools-for-stm32.13.3.rel1.linux64_1.0.0.202410170706/tools/bin/../lib/gcc/arm-none-eabi/13.3.1/thumb/v6-m/nofp/libgcc.a(_dvmd_tls.o)
 .ARM.attributes
                0x000004c8       0x1e /opt/st/stm32cubeide_1.19.0/plugins/com.st.stm32cube.ide.mcu.externaltools.gnu-tools-for-stm32.13.3.rel1.linux64_1.0.0.202410170706/tools/bin/../lib/gcc/arm-none-eabi/13.3.1/thumb/v6-m/nofp/libgcc.a(_aeabi_uldivmod.o)
 .ARM.attributes
                0x000004e6       0x2c /opt/st/stm32cubeide_1.19.0/plugins/com.st.stm32cube.ide.mcu.externaltools.gnu-tools-for-stm32.13.3.rel1.linux64_1.0.0.202410170706/tools/bin/../lib/gcc/arm-none-eabi/13.3.1/thumb/v6-m/nofp/libgcc.a(_udivmoddi4.o)
 .ARM.attributes
                0x00000512       0x1e /opt/st/stm32cubeide_1.19.0/plugins/com.st.stm32cube.ide.mcu.externaltools.gnu-tools-for-stm32.13.3.rel1.linux64_1.0.0.202410170706/tools/bin/../lib/gcc/arm-none-eabi/13.3.1/thumb/v6-m/nofp/libgcc.a(_clzsi2.o)
 .ARM.attributes
                0x00000530       0x1e /opt/st/stm32cubeide_1.19.0/plugins/com.st.stm32cube.ide.mcu.externaltools.gnu-tools-for-stm32.13.3.rel1.linux64_1.0.0.202410170706/tools/bin/../lib/gcc/arm-none-eabi/13.3.1/thumb/v6-m/nofp/libgcc.a(_clzdi2.o)
 .ARM.attributes
                0x0000054e       0x1e /opt/st/stm32cubeide_1.19.0/plugins/com.st.stm32cube.ide.mcu.externaltools.gnu-tools-for-stm32.13.3.rel1.linux64_1.0.0.202410170706/tools/bin/../lib/gcc/arm-none-eabi/13.3.1/thumb/v6-m/nofp/crtn.o
OUTPUT(seri.elf elf32-littlearm)
LOAD linker stubs
LOAD /opt/st/stm32cubeide_1.19.0/plugins/com.st.stm32cube.ide.mcu.externaltools.gnu-tools-for-stm32.13.3.rel1.linux64_1.0.0.202410170706/tools/bin/../lib/gcc/arm-none-eabi/13.3.1/../../../../arm-none-eabi/lib/thumb/v6-m/nofp/libc.a
LOAD /opt/st/stm32cubeide_1.19.0/plugins/com.st.stm32cube.ide.mcu.externaltools.gnu-tools-for-stm32.13.3.rel1.linux64_1.0.0.202410170706/tools/bin/../lib/gcc/arm-none-eabi/13.3.1/../../../../arm-none-eabi/lib/thumb/v6-m/nofp/libm.a
LOAD /opt/st/stm32cubeide_1.19.0/plugins/com.st.stm32cube.ide.mcu.externaltools.gnu-tools-for-stm32.13.3.rel1.linux64_1.0.0.202410170706/tools/bin/../lib/gcc/arm-none-eabi/13.3.1/thumb/v6-m/nofp/libgcc.a

.debug_info     0x00000000    0x121eb
 .debug_info    0x00000000     0x1d40 ./Core/Src/main.o
 .debug_info    0x00001d40     0x140c ./Core/Src/stm32l0xx_hal_msp.o
 .debug_info    0x0000314c      0x372 ./Core/Src/stm32l0xx_it.o
 .debug_info    0x000034be      0x2d0 ./Core/Src/system_stm32l0xx.o
 .debug_info    0x0000378e      0x7e3 ./Core/Src/sensirion/sensirion.o
 .debug_info    0x00003f71      0x384 ./Core/Src/sensirion/sensirion_common.o
 .debug_info    0x000042f5      0x906 ./Core/Src/sensirion/sensirion_i2c.o
 .debug_info    0x00004bfb      0x7ac ./Core/Src/sensirion/sensirion_i2c_hal.o
 .debug_info    0x000053a7      0x5e6 ./Core/Src/sensirion/sht4x_i2c.o
 .debug_info    0x0000598d       0x30 ./Core/Startup/startup_stm32l073rztx.o
 .debug_info    0x000059bd      0x8ac ./Drivers/STM32L0xx_HAL_Driver/Src/stm32l0xx_hal.o
 .debug_info    0x00006269      0xcea ./Drivers/STM32L0xx_HAL_Driver/Src/stm32l0xx_hal_adc.o
 .debug_info    0x00006f53      0x8a2 ./Drivers/STM32L0xx_HAL_Driver/Src/stm32l0xx_hal_cortex.o
 .debug_info    0x000077f5      0x617 ./Drivers/STM32L0xx_HAL_Driver/Src/stm32l0xx_hal_gpio.o
 .debug_info    0x00007e0c     0x20da ./Drivers/STM32L0xx_HAL_Driver/Src/stm32l0xx_hal_i2c.o
 .debug_info    0x00009ee6      0x878 ./Drivers/STM32L0xx_HAL_Driver/Src/stm32l0xx_hal_i2c_ex.o
 .debug_info    0x0000a75e      0x60d ./Drivers/STM32L0xx_HAL_Driver/Src/stm32l0xx_hal_pwr.o
 .debug_info    0x0000ad6b      0xa2a ./Drivers/STM32L0xx_HAL_Driver/Src/stm32l0xx_hal_rcc.o
 .debug_info    0x0000b795      0x7ed ./Drivers/STM32L0xx_HAL_Driver/Src/stm32l0xx_hal_rcc_ex.o
 .debug_info    0x0000bf82      0xb55 ./Drivers/STM32L0xx_HAL_Driver/Src/stm32l0xx_hal_rtc.o
 .debug_info    0x0000cad7      0xe04 ./Drivers/STM32L0xx_HAL_Driver/Src/stm32l0xx_hal_rtc_ex.o
 .debug_info    0x0000d8db     0x3b66 ./Drivers/STM32L0xx_HAL_Driver/Src/stm32l0xx_hal_uart.o
 .debug_info    0x00011441      0xdaa ./Drivers/STM32L0xx_HAL_Driver/Src/stm32l0xx_hal_uart_ex.o

.debug_abbrev   0x00000000     0x2dd7
 .debug_abbrev  0x00000000      0x390 ./Core/Src/main.o
 .debug_abbrev  0x00000390      0x235 ./Core/Src/stm32l0xx_hal_msp.o
 .debug_abbrev  0x000005c5      0x14a ./Core/Src/stm32l0xx_it.o
 .debug_abbrev  0x0000070f      0x11c ./Core/Src/system_stm32l0xx.o
 .debug_abbrev  0x0000082b      0x20b ./Core/Src/sensirion/sensirion.o
 .debug_abbrev  0x00000a36      0x120 ./Core/Src/sensirion/sensirion_common.o
 .debug_abbrev  0x00000b56      0x1b0 ./Core/Src/sensirion/sensirion_i2c.o
 .debug_abbrev  0x00000d06      0x20f ./Core/Src/sensirion/sensirion_i2c_hal.o
 .debug_abbrev  0x00000f15      0x161 ./Core/Src/sensirion/sht4x_i2c.o
 .debug_abbrev  0x00001076       0x24 ./Core/Startup/startup_stm32l073rztx.o
 .debug_abbrev  0x0000109a      0x2a0 ./Drivers/STM32L0xx_HAL_Driver/Src/stm32l0xx_hal.o
 .debug_abbrev  0x0000133a      0x241 ./Drivers/STM32L0xx_HAL_Driver/Src/stm32l0xx_hal_adc.o
 .debug_abbrev  0x0000157b      0x29b ./Drivers/STM32L0xx_HAL_Driver/Src/stm32l0xx_hal_cortex.o
 .debug_abbrev  0x00001816      0x1cb ./Drivers/STM32L0xx_HAL_Driver/Src/stm32l0xx_hal_gpio.o
 .debug_abbrev  0x000019e1      0x270 ./Drivers/STM32L0xx_HAL_Driver/Src/stm32l0xx_hal_i2c.o
 .debug_abbrev  0x00001c51      0x1b9 ./Drivers/STM32L0xx_HAL_Driver/Src/stm32l0xx_hal_i2c_ex.o
 .debug_abbrev  0x00001e0a      0x179 ./Drivers/STM32L0xx_HAL_Driver/Src/stm32l0xx_hal_pwr.o
 .debug_abbrev  0x00001f83      0x296 ./Drivers/STM32L0xx_HAL_Driver/Src/stm32l0xx_hal_rcc.o
 .debug_abbrev  0x00002219      0x21a ./Drivers/STM32L0xx_HAL_Driver/Src/stm32l0xx_hal_rcc_ex.o
 .debug_abbrev  0x00002433      0x1dd ./Drivers/STM32L0xx_HAL_Driver/Src/stm32l0xx_hal_rtc.o
 .debug_abbrev  0x00002610      0x22d ./Drivers/STM32L0xx_HAL_Driver/Src/stm32l0xx_hal_rtc_ex.o
 .debug_abbrev  0x0000283d      0x2e0 ./Drivers/STM32L0xx_HAL_Driver/Src/stm32l0xx_hal_uart.o
 .debug_abbrev  0x00002b1d      0x2ba ./Drivers/STM32L0xx_HAL_Driver/Src/stm32l0xx_hal_uart_ex.o

.debug_aranges  0x00000000     0x1088
 .debug_aranges
                0x00000000       0xb8 ./Core/Src/main.o
 .debug_aranges
                0x000000b8       0x60 ./Core/Src/stm32l0xx_hal_msp.o
 .debug_aranges
                0x00000118       0x48 ./Core/Src/stm32l0xx_it.o
 .debug_aranges
                0x00000160       0x28 ./Core/Src/system_stm32l0xx.o
 .debug_aranges
                0x00000188       0x28 ./Core/Src/sensirion/sensirion.o
 .debug_aranges
                0x000001b0       0x70 ./Core/Src/sensirion/sensirion_common.o
 .debug_aranges
                0x00000220       0xc0 ./Core/Src/sensirion/sensirion_i2c.o
 .debug_aranges
                0x000002e0       0x40 ./Core/Src/sensirion/sensirion_i2c_hal.o
 .debug_aranges
                0x00000320       0x78 ./Core/Src/sensirion/sht4x_i2c.o
 .debug_aranges
                0x00000398       0x28 ./Core/Startup/startup_stm32l073rztx.o
 .debug_aranges
                0x000003c0      0x110 ./Drivers/STM32L0xx_HAL_Driver/Src/stm32l0xx_hal.o
 .debug_aranges
                0x000004d0      0x100 ./Drivers/STM32L0xx_HAL_Driver/Src/stm32l0xx_hal_adc.o
 .debug_aranges
                0x000005d0       0xe8 ./Drivers/STM32L0xx_HAL_Driver/Src/stm32l0xx_hal_cortex.o
 .debug_aranges
                0x000006b8       0x58 ./Drivers/STM32L0xx_HAL_Driver/Src/stm32l0xx_hal_gpio.o
 .debug_aranges
                0x00000710      0x2a0 ./Drivers/STM32L0xx_HAL_Driver/Src/stm32l0xx_hal_i2c.o
 .debug_aranges
                0x000009b0       0x48 ./Drivers/STM32L0xx_HAL_Driver/Src/stm32l0xx_hal_i2c_ex.o
 .debug_aranges
                0x000009f8       0xa0 ./Drivers/STM32L0xx_HAL_Driver/Src/stm32l0xx_hal_pwr.o
 .debug_aranges
                0x00000a98       0x80 ./Drivers/STM32L0xx_HAL_Driver/Src/stm32l0xx_hal_rcc.o
 .debug_aranges
                0x00000b18       0xb0 ./Drivers/STM32L0xx_HAL_Driver/Src/stm32l0xx_hal_rcc_ex.o
 .debug_aranges
                0x00000bc8       0xe8 ./Drivers/STM32L0xx_HAL_Driver/Src/stm32l0xx_hal_rtc.o
 .debug_aranges
                0x00000cb0      0x130 ./Drivers/STM32L0xx_HAL_Driver/Src/stm32l0xx_hal_rtc_ex.o
 .debug_aranges
                0x00000de0      0x228 ./Drivers/STM32L0xx_HAL_Driver/Src/stm32l0xx_hal_uart.o
 .debug_aranges
                0x00001008       0x80 ./Drivers/STM32L0xx_HAL_Driver/Src/stm32l0xx_hal_uart_ex.o

.debug_rnglists
                0x00000000      0xcd7
 .debug_rnglists
                0x00000000       0x91 ./Core/Src/main.o
 .debug_rnglists
                0x00000091       0x45 ./Core/Src/stm32l0xx_hal_msp.o
 .debug_rnglists
                0x000000d6       0x31 ./Core/Src/stm32l0xx_it.o
 .debug_rnglists
                0x00000107       0x1a ./Core/Src/system_stm32l0xx.o
 .debug_rnglists
                0x00000121       0x1a ./Core/Src/sensirion/sensirion.o
 .debug_rnglists
                0x0000013b       0x4f ./Core/Src/sensirion/sensirion_common.o
 .debug_rnglists
                0x0000018a       0x94 ./Core/Src/sensirion/sensirion_i2c.o
 .debug_rnglists
                0x0000021e       0x2b ./Core/Src/sensirion/sensirion_i2c_hal.o
 .debug_rnglists
                0x00000249       0x5f ./Core/Src/sensirion/sht4x_i2c.o
 .debug_rnglists
                0x000002a8       0x19 ./Core/Startup/startup_stm32l073rztx.o
 .debug_rnglists
                0x000002c1       0xc7 ./Drivers/STM32L0xx_HAL_Driver/Src/stm32l0xx_hal.o
 .debug_rnglists
                0x00000388       0xcc ./Drivers/STM32L0xx_HAL_Driver/Src/stm32l0xx_hal_adc.o
 .debug_rnglists
                0x00000454       0xaa ./Drivers/STM32L0xx_HAL_Driver/Src/stm32l0xx_hal_cortex.o
 .debug_rnglists
                0x000004fe       0x3f ./Drivers/STM32L0xx_HAL_Driver/Src/stm32l0xx_hal_gpio.o
 .debug_rnglists
                0x0000053d      0x229 ./Drivers/STM32L0xx_HAL_Driver/Src/stm32l0xx_hal_i2c.o
 .debug_rnglists
                0x00000766       0x35 ./Drivers/STM32L0xx_HAL_Driver/Src/stm32l0xx_hal_i2c_ex.o
 .debug_rnglists
                0x0000079b       0x76 ./Drivers/STM32L0xx_HAL_Driver/Src/stm32l0xx_hal_pwr.o
 .debug_rnglists
                0x00000811       0x61 ./Drivers/STM32L0xx_HAL_Driver/Src/stm32l0xx_hal_rcc.o
 .debug_rnglists
                0x00000872       0x85 ./Drivers/STM32L0xx_HAL_Driver/Src/stm32l0xx_hal_rcc_ex.o
 .debug_rnglists
                0x000008f7       0xb5 ./Drivers/STM32L0xx_HAL_Driver/Src/stm32l0xx_hal_rtc.o
 .debug_rnglists
                0x000009ac       0xf0 ./Drivers/STM32L0xx_HAL_Driver/Src/stm32l0xx_hal_rtc_ex.o
 .debug_rnglists
                0x00000a9c      0x1db ./Drivers/STM32L0xx_HAL_Driver/Src/stm32l0xx_hal_uart.o
 .debug_rnglists
                0x00000c77       0x60 ./Drivers/STM32L0xx_HAL_Driver/Src/stm32l0xx_hal_uart_ex.o

.debug_macro    0x00000000     0x3956
 .debug_macro   0x00000000      0x2e7 ./Core/Src/main.o
 .debug_macro   0x000002e7       0x34 ./Core/Src/main.o
 .debug_macro   0x0000031b       0x22 ./Core/Src/main.o
 .debug_macro   0x0000033d       0x61 ./Core/Src/main.o
 .debug_macro   0x0000039e       0x24 ./Core/Src/main.o
 .debug_macro   0x000003c2       0x43 ./Core/Src/main.o
 .debug_macro   0x00000405       0x34 ./Core/Src/main.o
 .debug_macro   0x00000439      0x370 ./Core/Src/main.o
 .debug_macro   0x000007a9       0x16 ./Core/Src/main.o
 .debug_macro   0x000007bf       0x4a ./Core/Src/main.o
 .debug_macro   0x00000809       0x34 ./Core/Src/main.o
 .debug_macro   0x0000083d       0x10 ./Core/Src/main.o
 .debug_macro   0x0000084d       0x58 ./Core/Src/main.o
 .debug_macro   0x000008a5       0x8e ./Core/Src/main.o
 .debug_macro   0x00000933       0x1c ./Core/Src/main.o
 .debug_macro   0x0000094f      0x185 ./Core/Src/main.o
 .debug_macro   0x00000ad4       0x10 ./Core/Src/main.o
 .debug_macro   0x00000ae4       0x3c ./Core/Src/main.o
 .debug_macro   0x00000b20       0x20 ./Core/Src/main.o
 .debug_macro   0x00000b40      0x1f6 ./Core/Src/stm32l0xx_hal_msp.o
 .debug_macro   0x00000d36      0x200 ./Core/Src/stm32l0xx_it.o
 .debug_macro   0x00000f36      0x1e7 ./Core/Src/system_stm32l0xx.o
 .debug_macro   0x0000111d      0x335 ./Core/Src/sensirion/sensirion.o
 .debug_macro   0x00001452       0x34 ./Core/Src/sensirion/sensirion.o
 .debug_macro   0x00001486       0x1c ./Core/Src/sensirion/sensirion.o
 .debug_macro   0x000014a2       0x2e ./Core/Src/sensirion/sensirion.o
 .debug_macro   0x000014d0      0x150 ./Core/Src/sensirion/sensirion_common.o
 .debug_macro   0x00001620      0x11c ./Core/Src/sensirion/sensirion_common.o
 .debug_macro   0x0000173c       0x9b ./Core/Src/sensirion/sensirion_common.o
 .debug_macro   0x000017d7      0x197 ./Core/Src/sensirion/sensirion_i2c.o
 .debug_macro   0x0000196e       0x46 ./Core/Src/sensirion/sensirion_i2c.o
 .debug_macro   0x000019b4       0x3a ./Core/Src/sensirion/sensirion_i2c.o
 .debug_macro   0x000019ee      0x313 ./Core/Src/sensirion/sensirion_i2c_hal.o
 .debug_macro   0x00001d01      0x1a6 ./Core/Src/sensirion/sht4x_i2c.o
 .debug_macro   0x00001ea7       0x28 ./Core/Src/sensirion/sht4x_i2c.o
 .debug_macro   0x00001ecf       0x4c ./Core/Src/sensirion/sht4x_i2c.o
 .debug_macro   0x00001f1b      0x20b ./Drivers/STM32L0xx_HAL_Driver/Src/stm32l0xx_hal.o
 .debug_macro   0x00002126      0x1f6 ./Drivers/STM32L0xx_HAL_Driver/Src/stm32l0xx_hal_adc.o
 .debug_macro   0x0000231c      0x1e7 ./Drivers/STM32L0xx_HAL_Driver/Src/stm32l0xx_hal_cortex.o
 .debug_macro   0x00002503      0x1ee ./Drivers/STM32L0xx_HAL_Driver/Src/stm32l0xx_hal_gpio.o
 .debug_macro   0x000026f1      0x2b3 ./Drivers/STM32L0xx_HAL_Driver/Src/stm32l0xx_hal_i2c.o
 .debug_macro   0x000029a4      0x1e7 ./Drivers/STM32L0xx_HAL_Driver/Src/stm32l0xx_hal_i2c_ex.o
 .debug_macro   0x00002b8b      0x1ff ./Drivers/STM32L0xx_HAL_Driver/Src/stm32l0xx_hal_pwr.o
 .debug_macro   0x00002d8a      0x21d ./Drivers/STM32L0xx_HAL_Driver/Src/stm32l0xx_hal_rcc.o
 .debug_macro   0x00002fa7      0x1e7 ./Drivers/STM32L0xx_HAL_Driver/Src/stm32l0xx_hal_rcc_ex.o
 .debug_macro   0x0000318e      0x1e8 ./Drivers/STM32L0xx_HAL_Driver/Src/stm32l0xx_hal_rtc.o
 .debug_macro   0x00003376      0x1e7 ./Drivers/STM32L0xx_HAL_Driver/Src/stm32l0xx_hal_rtc_ex.o
 .debug_macro   0x0000355d      0x212 ./Drivers/STM32L0xx_HAL_Driver/Src/stm32l0xx_hal_uart.o
 .debug_macro   0x0000376f      0x1e7 ./Drivers/STM32L0xx_HAL_Driver/Src/stm32l0xx_hal_uart_ex.o

.debug_line     0x00000000    0x148f1
 .debug_line    0x00000000      0xe2b ./Core/Src/main.o
 .debug_line    0x00000e2b      0x84e ./Core/Src/stm32l0xx_hal_msp.o
 .debug_line    0x00001679      0x767 ./Core/Src/stm32l0xx_it.o
 .debug_line    0x00001de0      0x7a3 ./Core/Src/system_stm32l0xx.o
 .debug_line    0x00002583      0x982 ./Core/Src/sensirion/sensirion.o
 .debug_line    0x00002f05      0x66e ./Core/Src/sensirion/sensirion_common.o
 .debug_line    0x00003573      0xa97 ./Core/Src/sensirion/sensirion_i2c.o
 .debug_line    0x0000400a      0x935 ./Core/Src/sensirion/sensirion_i2c_hal.o
 .debug_line    0x0000493f      0x856 ./Core/Src/sensirion/sht4x_i2c.o
 .debug_line    0x00005195       0x7b ./Core/Startup/startup_stm32l073rztx.o
 .debug_line    0x00005210      0xa62 ./Drivers/STM32L0xx_HAL_Driver/Src/stm32l0xx_hal.o
 .debug_line    0x00005c72     0x113c ./Drivers/STM32L0xx_HAL_Driver/Src/stm32l0xx_hal_adc.o
 .debug_line    0x00006dae      0xb33 ./Drivers/STM32L0xx_HAL_Driver/Src/stm32l0xx_hal_cortex.o
 .debug_line    0x000078e1      0xad7 ./Drivers/STM32L0xx_HAL_Driver/Src/stm32l0xx_hal_gpio.o
 .debug_line    0x000083b8     0x3705 ./Drivers/STM32L0xx_HAL_Driver/Src/stm32l0xx_hal_i2c.o
 .debug_line    0x0000babd      0x858 ./Drivers/STM32L0xx_HAL_Driver/Src/stm32l0xx_hal_i2c_ex.o
 .debug_line    0x0000c315      0x935 ./Drivers/STM32L0xx_HAL_Driver/Src/stm32l0xx_hal_pwr.o
 .debug_line    0x0000cc4a      0xfc3 ./Drivers/STM32L0xx_HAL_Driver/Src/stm32l0xx_hal_rcc.o
 .debug_line    0x0000dc0d      0xe18 ./Drivers/STM32L0xx_HAL_Driver/Src/stm32l0xx_hal_rcc_ex.o
 .debug_line    0x0000ea25     0x1127 ./Drivers/STM32L0xx_HAL_Driver/Src/stm32l0xx_hal_rtc.o
 .debug_line    0x0000fb4c     0x1375 ./Drivers/STM32L0xx_HAL_Driver/Src/stm32l0xx_hal_rtc_ex.o
 .debug_line    0x00010ec1     0x2e34 ./Drivers/STM32L0xx_HAL_Driver/Src/stm32l0xx_hal_uart.o
 .debug_line    0x00013cf5      0xbfc ./Drivers/STM32L0xx_HAL_Driver/Src/stm32l0xx_hal_uart_ex.o

.debug_str      0x00000000    0x8a60e
 .debug_str     0x00000000    0x8a60e ./Core/Src/main.o
                              0x85fe5 (size before relaxing)
 .debug_str     0x0008a60e    0x8297a ./Core/Src/stm32l0xx_hal_msp.o
 .debug_str     0x0008a60e    0x81d47 ./Core/Src/stm32l0xx_it.o
 .debug_str     0x0008a60e    0x81b51 ./Core/Src/system_stm32l0xx.o
 .debug_str     0x0008a60e    0x85bc4 ./Core/Src/sensirion/sensirion.o
 .debug_str     0x0008a60e     0x75dd ./Core/Src/sensirion/sensirion_common.o
 .debug_str     0x0008a60e     0x7eb8 ./Core/Src/sensirion/sensirion_i2c.o
 .debug_str     0x0008a60e    0x859db ./Core/Src/sensirion/sensirion_i2c_hal.o
 .debug_str     0x0008a60e     0x7e86 ./Core/Src/sensirion/sht4x_i2c.o
 .debug_str     0x0008a60e       0x77 ./Core/Startup/startup_stm32l073rztx.o
 .debug_str     0x0008a60e    0x82285 ./Drivers/STM32L0xx_HAL_Driver/Src/stm32l0xx_hal.o
 .debug_str     0x0008a60e    0x8223d ./Drivers/STM32L0xx_HAL_Driver/Src/stm32l0xx_hal_adc.o
 .debug_str     0x0008a60e    0x82011 ./Drivers/STM32L0xx_HAL_Driver/Src/stm32l0xx_hal_cortex.o
 .debug_str     0x0008a60e    0x81cf1 ./Drivers/STM32L0xx_HAL_Driver/Src/stm32l0xx_hal_gpio.o
 .debug_str     0x0008a60e    0x82e5c ./Drivers/STM32L0xx_HAL_Driver/Src/stm32l0xx_hal_i2c.o
 .debug_str     0x0008a60e    0x820b5 ./Drivers/STM32L0xx_HAL_Driver/Src/stm32l0xx_hal_i2c_ex.o
 .debug_str     0x0008a60e    0x81ddc ./Drivers/STM32L0xx_HAL_Driver/Src/stm32l0xx_hal_pwr.o
 .debug_str     0x0008a60e    0x8208a ./Drivers/STM32L0xx_HAL_Driver/Src/stm32l0xx_hal_rcc.o
 .debug_str     0x0008a60e    0x82054 ./Drivers/STM32L0xx_HAL_Driver/Src/stm32l0xx_hal_rcc_ex.o
 .debug_str     0x0008a60e    0x82007 ./Drivers/STM32L0xx_HAL_Driver/Src/stm32l0xx_hal_rtc.o
 .debug_str     0x0008a60e    0x822e6 ./Drivers/STM32L0xx_HAL_Driver/Src/stm32l0xx_hal_rtc_ex.o
 .debug_str     0x0008a60e    0x82911 ./Drivers/STM32L0xx_HAL_Driver/Src/stm32l0xx_hal_uart.o
 .debug_str     0x0008a60e    0x821c6 ./Drivers/STM32L0xx_HAL_Driver/Src/stm32l0xx_hal_uart_ex.o

.comment        0x00000000       0x43
 .comment       0x00000000       0x43 ./Core/Src/main.o
                                 0x44 (size before relaxing)
 .comment       0x00000043       0x44 ./Core/Src/stm32l0xx_hal_msp.o
 .comment       0x00000043       0x44 ./Core/Src/stm32l0xx_it.o
 .comment       0x00000043       0x44 ./Core/Src/system_stm32l0xx.o
 .comment       0x00000043       0x44 ./Core/Src/sensirion/sensirion.o
 .comment       0x00000043       0x44 ./Core/Src/sensirion/sensirion_common.o
 .comment       0x00000043       0x44 ./Core/Src/sensirion/sensirion_i2c.o
 .comment       0x00000043       0x44 ./Core/Src/sensirion/sensirion_i2c_hal.o
 .comment       0x00000043       0x44 ./Core/Src/sensirion/sht4x_i2c.o
 .comment       0x00000043       0x44 ./Drivers/STM32L0xx_HAL_Driver/Src/stm32l0xx_hal.o
 .comment       0x00000043       0x44 ./Drivers/STM32L0xx_HAL_Driver/Src/stm32l0xx_hal_adc.o
 .comment       0x00000043       0x44 ./Drivers/STM32L0xx_HAL_Driver/Src/stm32l0xx_hal_cortex.o
 .comment       0x00000043       0x44 ./Drivers/STM32L0xx_HAL_Driver/Src/stm32l0xx_hal_gpio.o
 .comment       0x00000043       0x44 ./Drivers/STM32L0xx_HAL_Driver/Src/stm32l0xx_hal_i2c.o
 .comment       0x00000043       0x44 ./Drivers/STM32L0xx_HAL_Driver/Src/stm32l0xx_hal_i2c_ex.o
 .comment       0x00000043       0x44 ./Drivers/STM32L0xx_HAL_Driver/Src/stm32l0xx_hal_pwr.o
 .comment       0x00000043       0x44 ./Drivers/STM32L0xx_HAL_Driver/Src/stm32l0xx_hal_rcc.o
 .comment       0x00000043       0x44 ./Drivers/STM32L0xx_HAL_Driver/Src/stm32l0xx_hal_rcc_ex.o
 .comment       0x00000043       0x44 ./Drivers/STM32L0xx_HAL_Driver/Src/stm32l0xx_hal_rtc.o
 .comment       0x00000043       0x44 ./Drivers/STM32L0xx_HAL_Driver/Src/stm32l0xx_hal_rtc_ex.o
 .comment       0x00000043       0x44 ./Drivers/STM32L0xx_HAL_Driver/Src/stm32l0xx_hal_uart.o
 .comment       0x00000043       0x44 ./Drivers/STM32L0xx_HAL_Driver/Src/stm32l0xx_hal_uart_ex.o

.debug_frame    0x00000000     0x3b04
 .debug_frame   0x00000000      0x288 ./Core/Src/main.o
 .debug_frame   0x00000288      0x130 ./Core/Src/stm32l0xx_hal_msp.o
 .debug_frame   0x000003b8       0xb8 ./Core/Src/stm32l0xx_it.o
 .debug_frame   0x00000470       0x4c ./Core/Src/system_stm32l0xx.o
 .debug_frame   0x000004bc       0x4c ./Core/Src/sensirion/sensirion.o
 .debug_frame   0x00000508      0x170 ./Core/Src/sensirion/sensirion_common.o
 .debug_frame   0x00000678      0x2d8 ./Core/Src/sensirion/sensirion_i2c.o
 .debug_frame   0x00000950       0xb0 ./Core/Src/sensirion/sensirion_i2c_hal.o
 .debug_frame   0x00000a00      0x1bc ./Core/Src/sensirion/sht4x_i2c.o
 .debug_frame   0x00000bbc      0x394 ./Drivers/STM32L0xx_HAL_Driver/Src/stm32l0xx_hal.o
 .debug_frame   0x00000f50      0x3c0 ./Drivers/STM32L0xx_HAL_Driver/Src/stm32l0xx_hal_adc.o
 .debug_frame   0x00001310      0x33c ./Drivers/STM32L0xx_HAL_Driver/Src/stm32l0xx_hal_cortex.o
 .debug_frame   0x0000164c      0x110 ./Drivers/STM32L0xx_HAL_Driver/Src/stm32l0xx_hal_gpio.o
 .debug_frame   0x0000175c      0xa68 ./Drivers/STM32L0xx_HAL_Driver/Src/stm32l0xx_hal_i2c.o
 .debug_frame   0x000021c4       0xd0 ./Drivers/STM32L0xx_HAL_Driver/Src/stm32l0xx_hal_i2c_ex.o
 .debug_frame   0x00002294      0x200 ./Drivers/STM32L0xx_HAL_Driver/Src/stm32l0xx_hal_pwr.o
 .debug_frame   0x00002494      0x1a4 ./Drivers/STM32L0xx_HAL_Driver/Src/stm32l0xx_hal_rcc.o
 .debug_frame   0x00002638      0x244 ./Drivers/STM32L0xx_HAL_Driver/Src/stm32l0xx_hal_rcc_ex.o
 .debug_frame   0x0000287c      0x360 ./Drivers/STM32L0xx_HAL_Driver/Src/stm32l0xx_hal_rtc.o
 .debug_frame   0x00002bdc      0x478 ./Drivers/STM32L0xx_HAL_Driver/Src/stm32l0xx_hal_rtc_ex.o
 .debug_frame   0x00003054      0x854 ./Drivers/STM32L0xx_HAL_Driver/Src/stm32l0xx_hal_uart.o
 .debug_frame   0x000038a8      0x1b4 ./Drivers/STM32L0xx_HAL_Driver/Src/stm32l0xx_hal_uart_ex.o
 .debug_frame   0x00003a5c       0x20 /opt/st/stm32cubeide_1.19.0/plugins/com.st.stm32cube.ide.mcu.externaltools.gnu-tools-for-stm32.13.3.rel1.linux64_1.0.0.202410170706/tools/bin/../lib/gcc/arm-none-eabi/13.3.1/../../../../arm-none-eabi/lib/thumb/v6-m/nofp/libc_nano.a(libc_a-memset.o)
 .debug_frame   0x00003a7c       0x2c /opt/st/stm32cubeide_1.19.0/plugins/com.st.stm32cube.ide.mcu.externaltools.gnu-tools-for-stm32.13.3.rel1.linux64_1.0.0.202410170706/tools/bin/../lib/gcc/arm-none-eabi/13.3.1/../../../../arm-none-eabi/lib/thumb/v6-m/nofp/libc_nano.a(libc_a-init.o)
 .debug_frame   0x00003aa8       0x20 /opt/st/stm32cubeide_1.19.0/plugins/com.st.stm32cube.ide.mcu.externaltools.gnu-tools-for-stm32.13.3.rel1.linux64_1.0.0.202410170706/tools/bin/../lib/gcc/arm-none-eabi/13.3.1/thumb/v6-m/nofp/libgcc.a(_udivsi3.o)
 .debug_frame   0x00003ac8       0x3c /opt/st/stm32cubeide_1.19.0/plugins/com.st.stm32cube.ide.mcu.externaltools.gnu-tools-for-stm32.13.3.rel1.linux64_1.0.0.202410170706/tools/bin/../lib/gcc/arm-none-eabi/13.3.1/thumb/v6-m/nofp/libgcc.a(_udivmoddi4.o)

.debug_line_str
                0x00000000       0x5b
 .debug_line_str
                0x00000000       0x5b ./Core/Startup/startup_stm32l073rztx.o
