../Core/Src/main.c:162:13:uart2_rx_flush	8	static
../Core/Src/main.c:1253:13:MX_GPIO_Init	56	static
../Core/Src/main.c:216:13:span_exists.part.0	24	static
../Core/Src/main.c:415:12:lorawan_get_connection_status	104	static
../Core/Src/main.c:209:20:str_exists	8	static
../Core/Src/main.c:284:6:find_char_after.part.0	8	static
../Core/Src/main.c:594:6:LoRaWAN_SendHex.part.0	304	static
../Core/Src/main.c:171:13:send_device_info_packet	24	static
../Core/Src/main.c:140:26:UART2_SetBaud.isra	24	static
../Core/Src/main.c:229:12:uart2_probe_and_align	112	static
../Core/Src/main.c:284:6:find_char_after	8	static
../Core/Src/main.c:456:5:lorawan_check_joined	96	static
../Core/Src/main.c:488:5:join	320	static
../Core/Src/main.c:557:5:lorawan_set_battery_level	48	static
../Core/Src/main.c:594:6:LoRaWAN_SendHex	8	static
../Core/Src/main.c:1338:6:HAL_RTCEx_WakeUpTimerEventCallback	0	static
../Core/Src/main.c:1352:6:ConfigureGPIOForLowPower	48	static
../Core/Src/main.c:1412:6:RestoreGPIOAfterWakeup	8	static
../Core/Src/main.c:1489:6:Error_Handler	8	static,ignoring_inline_asm
../Core/Src/main.c:1175:13:MX_RTC_Init	8	static
../Core/Src/main.c:1312:6:configWakeupTime	32	static
../Core/Src/main.c:1127:13:MX_I2C1_Init	8	static
../Core/Src/main.c:1010:6:SystemClock_Config	128	static
../Core/Src/main.c:1422:6:EnterDeepSleepMode	24	static
../Core/Src/main.c:1477:6:HAL_RCCEx_LSECSS_Callback	64	static
../Core/Src/main.c:722:5:main	336	static,ignoring_inline_asm
