../Core/Src/main.c:834:13:MX_GPIO_Init	56	static
../Core/Src/main.c:121:6:find_char_after.part.0	8	static
../Core/Src/main.c:121:6:find_char_after	8	static
../Core/Src/main.c:180:5:lorawan_is_connected	296	static
../Core/Src/main.c:252:5:SendData	16	static
../Core/Src/main.c:281:5:lorawan_chip_temp	264	static
../Core/Src/main.c:305:5:lorawan_set_battery_level	48	static
../Core/Src/main.c:377:6:LoRaWAN_SendError	48	static
../Core/Src/main.c:890:6:HAL_RTCEx_WakeUpTimerEventCallback	0	static
../Core/Src/main.c:904:6:ConfigureGPIOForLowPower	48	static
../Core/Src/main.c:949:6:RestoreGPIOAfterWakeup	8	static
../Core/Src/main.c:1025:6:Error_Handler	8	static,ignoring_inline_asm
../Core/Src/main.c:763:13:MX_USART1_UART_Init	8	static
../Core/Src/main.c:96:13:dbg_print	16	static
../Core/Src/main.c:108:13:dbg_print_line.part.0	8	static
../Core/Src/main.c:209:5:join	288	static
../Core/Src/main.c:333:6:LoRaWAN_SendHex.part.0	24	static
../Core/Src/main.c:333:6:LoRaWAN_SendHex	8	static
../Core/Src/main.c:672:13:MX_I2C1_Init	8	static
../Core/Src/main.c:553:6:SystemClock_Config	136	static
../Core/Src/main.c:873:6:configWakeupTime	8	static
../Core/Src/main.c:959:6:EnterDeepSleepMode	24	static
../Core/Src/main.c:411:5:main	32	static,ignoring_inline_asm
