../Core/Src/main.c:162:13:uart2_rx_flush	1
../Core/Src/main.c:1253:13:MX_GPIO_Init	1
../Core/Src/main.c:216:13:span_exists.part.0	5
../Core/Src/main.c:415:12:lorawan_get_connection_status	10
../Core/Src/main.c:209:20:str_exists	2
../Core/Src/main.c:284:6:find_char_after.part.0	6
../Core/Src/main.c:594:6:LoRaWAN_SendHex.part.0	21
../Core/Src/main.c:171:13:send_device_info_packet	1
../Core/Src/main.c:140:26:UART2_SetBaud.isra	4
../Core/Src/main.c:229:12:uart2_probe_and_align	13
../Core/Src/main.c:284:6:find_char_after	3
../Core/Src/main.c:456:5:lorawan_check_joined	7
../Core/Src/main.c:488:5:join	14
../Core/Src/main.c:557:5:lorawan_set_battery_level	2
../Core/Src/main.c:594:6:LoRaWAN_SendHex	4
../Core/Src/main.c:1338:6:HAL_RTCEx_WakeUpTimerEventCallback	1
../Core/Src/main.c:1352:6:ConfigureGPIOForLowPower	1
../Core/Src/main.c:1412:6:RestoreGPIOAfterWakeup	1
../Core/Src/main.c:1489:6:Error_Handler	1
../Core/Src/main.c:1175:13:MX_RTC_Init	3
../Core/Src/main.c:1312:6:configWakeupTime	6
../Core/Src/main.c:1127:13:MX_I2C1_Init	4
../Core/Src/main.c:1010:6:SystemClock_Config	4
../Core/Src/main.c:1422:6:EnterDeepSleepMode	3
../Core/Src/main.c:1477:6:HAL_RCCEx_LSECSS_Callback	5
../Core/Src/main.c:722:5:main	32
