../Core/Src/stm32l0xx_hal_msp.c:63:6:HAL_MspInit	16	static
../Core/Src/stm32l0xx_hal_msp.c:97:6:HAL_ADC_MspInit	32	static
../Core/Src/stm32l0xx_hal_msp.c:131:6:HAL_ADC_MspDeInit	8	static
../Core/Src/stm32l0xx_hal_msp.c:159:6:HAL_I2C_MspInit	32	static
../Core/Src/stm32l0xx_hal_msp.c:196:6:HAL_I2C_MspDeInit	8	static
../Core/Src/stm32l0xx_hal_msp.c:227:6:HAL_RTC_MspInit	8	static
../Core/Src/stm32l0xx_hal_msp.c:253:6:HAL_RTC_MspDeInit	8	static
../Core/Src/stm32l0xx_hal_msp.c:278:6:HAL_UART_MspInit	40	static
../Core/Src/stm32l0xx_hal_msp.c:338:6:HAL_UART_MspDeInit	8	static
