../Drivers/CMSIS/Include/core_cm0plus.h:796:26:__NVIC_GetPendingIRQ	16	static
../Core/Src/main.c:110:13:verify_uart_ready	16	static
../Core/Src/main.c:116:13:dbg_print	32	static
../Core/Src/main.c:130:13:dbg_print_line	16	static
../Core/Src/main.c:137:13:dbg_print_u32	80	static
../Core/Src/main.c:145:26:UART2_SetBaud	16	static
../Core/Src/main.c:163:13:uart2_rx_flush	16	static
../Core/Src/main.c:170:12:uart2_probe_and_align	120	static
../Core/Src/main.c:219:6:find_char_after	32	static
../Core/Src/main.c:247:5:lorawan_is_connected	296	static
../Core/Src/main.c:275:5:join	304	static
../Core/Src/main.c:320:5:SendData	24	static
../Core/Src/main.c:333:5:lorawan_set_battery_level	56	static
../Core/Src/main.c:360:13:LoRaWAN_set_fport	48	static
../Core/Src/main.c:370:6:LoRaWAN_SendHex	56	static
../Core/Src/main.c:432:5:main	352	static,ignoring_inline_asm
../Core/Src/main.c:645:6:SystemClock_Config	136	static
../Core/Src/main.c:715:13:MX_ADC_Init	16	static
../Core/Src/main.c:771:13:MX_I2C1_Init	8	static
../Core/Src/main.c:819:13:MX_RTC_Init	8	static
../Core/Src/main.c:849:13:MX_USART1_UART_Init	8	static
../Core/Src/main.c:885:13:MX_USART2_UART_Init	8	static
../Core/Src/main.c:920:13:MX_GPIO_Init	48	static
../Core/Src/main.c:959:13:rtc_arm_wakeup	32	static,ignoring_inline_asm
../Core/Src/main.c:1008:13:rtc_clear_all_wakeup_flags	8	static
../Core/Src/main.c:1024:13:rtc_configure_init_struct	32	static
../Core/Src/main.c:1073:13:rtc_reinitialize	16	static
../Core/Src/main.c:1098:6:configWakeupTime	104	static
../Core/Src/main.c:1145:6:HAL_RTCEx_WakeUpTimerEventCallback	16	static
../Core/Src/main.c:1160:6:ConfigureGPIOForLowPower	56	static
../Core/Src/main.c:1205:6:RestoreGPIOAfterWakeup	8	static
../Core/Src/main.c:1215:6:EnterDeepSleepMode	200	static
../Core/Src/main.c:1515:6:Error_Handler	8	static,ignoring_inline_asm
