../Core/Src/main.c:83:6:find_char_after	32	static
../Core/Src/main.c:234:5:lorawan_is_connected	296	static
../Core/Src/main.c:263:5:join	304	static
../Core/Src/main.c:300:5:SendData	280	static
../Core/Src/main.c:353:5:lorawan_chip_temp	280	static
../Core/Src/main.c:380:6:LoRaWAN_SendHex	48	static
../Core/Src/main.c:433:5:main	24	static
../Core/Src/main.c:595:6:SystemClock_Config	136	static
../Core/Src/main.c:658:13:MX_ADC_Init	16	static
../Core/Src/main.c:714:13:MX_I2C1_Init	8	static
../Core/Src/main.c:762:13:MX_RTC_Init	8	static
../Core/Src/main.c:805:13:MX_USART1_UART_Init	8	static
../Core/Src/main.c:841:13:MX_USART2_UART_Init	8	static
../Core/Src/main.c:876:13:MX_GPIO_Init	48	static
../Core/Src/main.c:915:6:configWakeupTime	16	static
../Core/Src/main.c:927:6:HAL_RTCEx_WakeUpTimerEventCallback	16	static
../Core/Src/main.c:947:6:ConfigureGPIOForLowPower	56	static
../Core/Src/main.c:992:6:RestoreGPIOAfterWakeup	8	static
../Core/Src/main.c:1002:6:EnterDeepSleepMode	16	static
../Core/Src/main.c:1065:6:Error_Handler	8	static,ignoring_inline_asm
