../Core/Src/main.c:98:13:verify_uart_ready	16	static
../Core/Src/main.c:104:13:dbg_print	32	static
../Core/Src/main.c:118:13:dbg_print_line	16	static
../Core/Src/main.c:125:26:UART2_SetBaud	16	static
../Core/Src/main.c:143:13:uart2_rx_flush	16	static
../Core/Src/main.c:152:20:str_exists	16	static
../Core/Src/main.c:159:13:span_exists	40	static
../Core/Src/main.c:172:12:uart2_probe_and_align	120	static
../Core/Src/main.c:227:6:find_char_after	32	static
../Core/Src/main.c:283:5:join	320	static
../Core/Src/main.c:353:5:lorawan_set_battery_level	56	static
../Core/Src/main.c:380:13:LoRaWAN_set_fport	48	static
../Core/Src/main.c:390:6:LoRaWAN_SendHex	352	static
../Core/Src/main.c:511:5:main	344	static,ignoring_inline_asm
../Core/Src/main.c:723:6:SystemClock_Config	136	static
../Core/Src/main.c:785:13:MX_ADC_Init	16	static
../Core/Src/main.c:841:13:MX_I2C1_Init	8	static
../Core/Src/main.c:889:13:MX_RTC_Init	8	static
../Core/Src/main.c:932:13:MX_USART1_UART_Init	8	static
../Core/Src/main.c:968:13:MX_USART2_UART_Init	8	static
../Core/Src/main.c:1003:13:MX_GPIO_Init	48	static
../Core/Src/main.c:1042:6:configWakeupTime	16	static
../Core/Src/main.c:1059:6:HAL_RTCEx_WakeUpTimerEventCallback	16	static
../Core/Src/main.c:1073:6:ConfigureGPIOForLowPower	56	static
../Core/Src/main.c:1118:6:RestoreGPIOAfterWakeup	8	static
../Core/Src/main.c:1128:6:EnterDeepSleepMode	16	static
../Core/Src/main.c:1194:6:Error_Handler	8	static,ignoring_inline_asm
