../Core/Src/main.c:97:13:verify_uart_ready	16	static
../Core/Src/main.c:103:13:dbg_print	32	static
../Core/Src/main.c:117:13:dbg_print_line	16	static
../Core/Src/main.c:124:26:UART2_SetBaud	16	static
../Core/Src/main.c:142:13:uart2_rx_flush	16	static
../Core/Src/main.c:149:12:uart2_probe_and_align	120	static
../Core/Src/main.c:198:6:find_char_after	32	static
../Core/Src/main.c:226:5:lorawan_is_connected	296	static
../Core/Src/main.c:254:5:join	304	static
../Core/Src/main.c:299:5:SendData	24	static
../Core/Src/main.c:312:5:lorawan_set_battery_level	56	static
../Core/Src/main.c:339:13:LoRaWAN_set_fport	48	static
../Core/Src/main.c:349:6:LoRaWAN_SendHex	56	static
../Core/Src/main.c:411:5:main	352	static,ignoring_inline_asm
../Core/Src/main.c:616:6:SystemClock_Config	136	static
../Core/Src/main.c:682:13:MX_ADC_Init	16	static
../Core/Src/main.c:738:13:MX_I2C1_Init	8	static
../Core/Src/main.c:786:13:MX_RTC_Init	8	static
../Core/Src/main.c:829:13:MX_USART1_UART_Init	8	static
../Core/Src/main.c:865:13:MX_USART2_UART_Init	8	static
../Core/Src/main.c:900:13:MX_GPIO_Init	48	static
../Core/Src/main.c:939:6:configWakeupTime	16	static
../Core/Src/main.c:956:6:HAL_RTCEx_WakeUpTimerEventCallback	16	static
../Core/Src/main.c:970:6:ConfigureGPIOForLowPower	56	static
../Core/Src/main.c:1015:6:RestoreGPIOAfterWakeup	8	static
../Core/Src/main.c:1025:6:EnterDeepSleepMode	16	static
../Core/Src/main.c:1091:6:Error_Handler	8	static,ignoring_inline_asm
