../Core/Src/main.c:94:13:verify_uart_ready	16	static
../Core/Src/main.c:100:13:dbg_print	32	static
../Core/Src/main.c:114:13:dbg_print_line	16	static
../Core/Src/main.c:149:26:UART2_SetBaud	16	static
../Core/Src/main.c:167:13:uart2_rx_flush	16	static
../Core/Src/main.c:174:12:uart2_probe_and_align	120	static
../Core/Src/main.c:223:6:find_char_after	32	static
../Core/Src/main.c:251:5:lorawan_is_connected	176	static
../Core/Src/main.c:282:13:buffer_contains	32	static
../Core/Src/main.c:306:12:lorawan_exchange	168	static
../Core/Src/main.c:442:12:lorawan_send_command_simple	176	static
../Core/Src/main.c:454:12:lorawan_send_command_expect	56	static
../Core/Src/main.c:481:12:lorawan_wait_for_token	160	static
../Core/Src/main.c:604:5:join	384	static
../Core/Src/main.c:655:5:SendData	168	static
../Core/Src/main.c:679:5:lorawan_set_battery_level	208	static
../Core/Src/main.c:700:12:LoRaWAN_set_fport	136	static
../Core/Src/main.c:716:6:LoRaWAN_SendHex	80	static
../Core/Src/main.c:783:5:main	448	static,ignoring_inline_asm
../Core/Src/main.c:983:6:SystemClock_Config	136	static
../Core/Src/main.c:1045:13:MX_ADC_Init	16	static
../Core/Src/main.c:1101:13:MX_I2C1_Init	8	static
../Core/Src/main.c:1149:13:MX_RTC_Init	8	static
../Core/Src/main.c:1192:13:MX_USART1_UART_Init	8	static
../Core/Src/main.c:1228:13:MX_USART2_UART_Init	8	static
../Core/Src/main.c:1263:13:MX_GPIO_Init	48	static
../Core/Src/main.c:1302:6:configWakeupTime	16	static
../Core/Src/main.c:1319:6:HAL_RTCEx_WakeUpTimerEventCallback	16	static
../Core/Src/main.c:1333:6:ConfigureGPIOForLowPower	56	static
../Core/Src/main.c:1378:6:RestoreGPIOAfterWakeup	8	static
../Core/Src/main.c:1388:6:EnterDeepSleepMode	16	static
../Core/Src/main.c:1454:6:Error_Handler	8	static,ignoring_inline_asm
