../Core/Src/main.c:93:13:verify_uart_ready	16	static
../Core/Src/main.c:99:13:dbg_print	32	static
../Core/Src/main.c:113:13:dbg_print_line	16	static
../Core/Src/main.c:121:6:find_char_after	32	static
../Core/Src/main.c:149:5:lorawan_is_connected	296	static
../Core/Src/main.c:177:5:join	304	static
../Core/Src/main.c:221:5:SendData	24	static
../Core/Src/main.c:234:5:lorawan_set_battery_level	56	static
../Core/Src/main.c:261:13:LoRaWAN_set_fport	48	static
../Core/Src/main.c:271:6:LoRaWAN_SendHex	56	static
../Core/Src/main.c:333:5:main	344	static,ignoring_inline_asm
../Core/Src/main.c:523:6:SystemClock_Config	136	static
../Core/Src/main.c:584:13:MX_ADC_Init	16	static
../Core/Src/main.c:639:13:MX_I2C1_Init	8	static
../Core/Src/main.c:686:13:MX_RTC_Init	8	static
../Core/Src/main.c:728:13:MX_USART1_UART_Init	8	static
../Core/Src/main.c:763:13:MX_USART2_UART_Init	8	static
../Core/Src/main.c:797:13:MX_GPIO_Init	48	static
../Core/Src/main.c:836:6:configWakeupTime	16	static
../Core/Src/main.c:853:6:HAL_RTCEx_WakeUpTimerEventCallback	16	static
../Core/Src/main.c:867:6:ConfigureGPIOForLowPower	56	static
../Core/Src/main.c:912:6:RestoreGPIOAfterWakeup	8	static
../Core/Src/main.c:922:6:EnterDeepSleepMode	16	static
../Core/Src/main.c:988:6:Error_Handler	8	static,ignoring_inline_asm
