../Core/Src/main.c:92:13:verify_uart_ready	16	static
../Core/Src/main.c:98:13:dbg_print	32	static
../Core/Src/main.c:110:13:dbg_print_line	16	static
../Core/Src/main.c:117:6:find_char_after	32	static
../Core/Src/main.c:141:5:lorawan_is_connected	296	static
../Core/Src/main.c:170:5:join	304	static
../Core/Src/main.c:212:5:SendData	24	static
../Core/Src/main.c:241:5:lorawan_set_battery_level	56	static
../Core/Src/main.c:267:13:LoRaWAN_set_fport	48	static
../Core/Src/main.c:276:6:LoRaWAN_SendHex	56	static
../Core/Src/main.c:338:5:main	40	static,ignoring_inline_asm
../Core/Src/main.c:513:6:SystemClock_Config	136	static
../Core/Src/main.c:576:13:MX_ADC_Init	16	static
../Core/Src/main.c:632:13:MX_I2C1_Init	8	static
../Core/Src/main.c:680:13:MX_RTC_Init	8	static
../Core/Src/main.c:723:13:MX_USART1_UART_Init	8	static
../Core/Src/main.c:759:13:MX_USART2_UART_Init	8	static
../Core/Src/main.c:794:13:MX_GPIO_Init	48	static
../Core/Src/main.c:833:6:configWakeupTime	16	static
../Core/Src/main.c:850:6:HAL_RTCEx_WakeUpTimerEventCallback	16	static
../Core/Src/main.c:864:6:ConfigureGPIOForLowPower	56	static
../Core/Src/main.c:909:6:RestoreGPIOAfterWakeup	8	static
../Core/Src/main.c:919:6:EnterDeepSleepMode	16	static
../Core/Src/main.c:985:6:Error_Handler	8	static,ignoring_inline_asm
