../Core/Src/main.c:90:13:verify_uart_ready	16	static
../Core/Src/main.c:96:13:dbg_print	32	static
../Core/Src/main.c:108:13:dbg_print_line	16	static
../Core/Src/main.c:114:13:dbg_print_u32	104	static
../Core/Src/main.c:121:6:find_char_after	32	static
../Core/Src/main.c:180:5:lorawan_is_connected	296	static
../Core/Src/main.c:209:5:join	304	static
../Core/Src/main.c:252:5:SendData	280	static
../Core/Src/main.c:281:5:lorawan_chip_temp	280	static
../Core/Src/main.c:305:5:lorawan_set_battery_level	56	static
../Core/Src/main.c:333:6:LoRaWAN_SendHex	48	static
../Core/Src/main.c:377:6:LoRaWAN_SendError	64	static
../Core/Src/main.c:411:5:main	40	static,ignoring_inline_asm
../Core/Src/main.c:553:6:SystemClock_Config	136	static
../Core/Src/main.c:616:13:MX_ADC_Init	16	static
../Core/Src/main.c:672:13:MX_I2C1_Init	8	static
../Core/Src/main.c:720:13:MX_RTC_Init	8	static
../Core/Src/main.c:763:13:MX_USART1_UART_Init	8	static
../Core/Src/main.c:799:13:MX_USART2_UART_Init	8	static
../Core/Src/main.c:834:13:MX_GPIO_Init	48	static
../Core/Src/main.c:873:6:configWakeupTime	16	static
../Core/Src/main.c:890:6:HAL_RTCEx_WakeUpTimerEventCallback	16	static
../Core/Src/main.c:904:6:ConfigureGPIOForLowPower	56	static
../Core/Src/main.c:949:6:RestoreGPIOAfterWakeup	8	static
../Core/Src/main.c:959:6:EnterDeepSleepMode	16	static
../Core/Src/main.c:1025:6:Error_Handler	8	static,ignoring_inline_asm
