../Core/Src/main.c:83:13:verify_uart_ready	16	static
../Core/Src/main.c:89:13:dbg_print	32	static
../Core/Src/main.c:101:13:dbg_print_line	16	static
../Core/Src/main.c:108:6:find_char_after	32	static
../Core/Src/main.c:167:5:lorawan_is_connected	296	static
../Core/Src/main.c:196:5:join	304	static
../Core/Src/main.c:239:5:SendData	24	static
../Core/Src/main.c:268:5:lorawan_chip_temp	280	static
../Core/Src/main.c:292:5:lorawan_set_battery_level	56	static
../Core/Src/main.c:318:13:LoRaWAN_set_fport	48	static
../Core/Src/main.c:327:6:LoRaWAN_SendHex	56	static
../Core/Src/main.c:389:5:main	40	static,ignoring_inline_asm
../Core/Src/main.c:564:6:SystemClock_Config	136	static
../Core/Src/main.c:624:6:configWakeupTime	16	static
../Core/Src/main.c:641:6:HAL_RTCEx_WakeUpTimerEventCallback	16	static
../Core/Src/main.c:655:6:ConfigureGPIOForLowPower	56	static
../Core/Src/main.c:700:6:RestoreGPIOAfterWakeup	8	static
../Core/Src/main.c:710:6:EnterDeepSleepMode	16	static
../Core/Src/main.c:780:6:HAL_TIM_PeriodElapsedCallback	16	static
../Core/Src/main.c:798:6:Error_Handler	8	static,ignoring_inline_asm
