../Core/Src/main.c:112:13:verify_uart_ready	16	static
../Core/Src/main.c:118:13:dbg_print	32	static
../Core/Src/main.c:132:13:dbg_print_line	16	static
../Core/Src/main.c:804:5:main	8	static
../Core/Src/main.c:1013:6:SystemClock_Config	136	static,ignoring_inline_asm
../Core/Src/main.c:1083:13:MX_ADC_Init	16	static
../Core/Src/main.c:1139:13:MX_I2C1_Init	8	static
../Core/Src/main.c:1187:13:MX_RTC_Init	8	static
../Core/Src/main.c:1230:13:MX_USART1_UART_Init	8	static
../Core/Src/main.c:1266:13:MX_USART2_UART_Init	8	static
../Core/Src/main.c:1301:13:MX_GPIO_Init	48	static
../Core/Src/main.c:1341:13:LSE_Test_Init	8	static
../Core/Src/main.c:1348:13:LSE_Test_Loop	136	static
../Core/Src/main.c:1385:6:configWakeupTime	24	static
../Core/Src/main.c:1410:6:HAL_RTCEx_WakeUpTimerEventCallback	16	static,ignoring_inline_asm
../Core/Src/main.c:1433:6:ConfigureGPIOForLowPower	56	static
../Core/Src/main.c:1478:6:RestoreGPIOAfterWakeup	8	static
../Core/Src/main.c:1488:6:EnterDeepSleepMode	16	static,ignoring_inline_asm
../Core/Src/main.c:1561:6:Error_Handler	8	static,ignoring_inline_asm
