../Core/Src/main.c:114:13:verify_uart_ready	16	static
../Core/Src/main.c:120:13:dbg_print	32	static
../Core/Src/main.c:134:13:dbg_print_line	16	static
../Core/Src/main.c:141:26:UART2_SetBaud	16	static
../Core/Src/main.c:159:13:uart2_rx_flush	16	static
../Core/Src/main.c:168:20:str_exists	16	static
../Core/Src/main.c:175:13:span_exists	40	static
../Core/Src/main.c:188:12:uart2_probe_and_align	120	static
../Core/Src/main.c:243:6:find_char_after	32	static
../Core/Src/main.c:299:5:join	320	static
../Core/Src/main.c:369:5:lorawan_set_battery_level	56	static
../Core/Src/main.c:396:13:LoRaWAN_set_fport	48	static
../Core/Src/main.c:406:6:LoRaWAN_SendHex	352	static
../Core/Src/main.c:527:5:main	344	static,ignoring_inline_asm
../Core/Src/main.c:740:6:SystemClock_Config	136	static
../Core/Src/main.c:824:13:MX_ADC_Init	16	static
../Core/Src/main.c:880:13:MX_I2C1_Init	8	static
../Core/Src/main.c:928:13:MX_RTC_Init	8	static
../Core/Src/main.c:954:13:MX_USART1_UART_Init	8	static
../Core/Src/main.c:990:13:MX_USART2_UART_Init	8	static
../Core/Src/main.c:1025:13:MX_GPIO_Init	48	static
../Core/Src/main.c:1064:17:RTC_GetRTCCLK_Hz	16	static
../Core/Src/main.c:1100:17:RTC_GetCkSpreHz	72	static
../Core/Src/main.c:1118:13:RTC_UpdatePrescalersForClock	56	static
../Core/Src/main.c:1137:13:RTC_UpdateWakeDerivatives	64	static
../Core/Src/main.c:1164:17:RTC_ComputeWakeupsForDelay	48	static
../Core/Src/main.c:1183:6:configWakeupTime	48	static
../Core/Src/main.c:1214:13:RTC_ReInitPreserveConfig	8	static
../Core/Src/main.c:1232:6:RTC_RequestClockFallback	8	static
../Core/Src/main.c:1237:13:RTC_SwitchClockToLSI	64	static
../Core/Src/main.c:1265:13:RTC_TryRestoreLSE	64	static
../Core/Src/main.c:1292:13:RTC_ServiceClockHealth	16	static
../Core/Src/main.c:1351:6:HAL_RTCEx_WakeUpTimerEventCallback	16	static
../Core/Src/main.c:1365:6:ConfigureGPIOForLowPower	56	static
../Core/Src/main.c:1410:6:RestoreGPIOAfterWakeup	8	static
../Core/Src/main.c:1420:6:EnterDeepSleepMode	16	static
../Core/Src/main.c:1486:6:Error_Handler	8	static,ignoring_inline_asm
