../Core/Src/main.c:97:13:verify_uart_ready	16	static
../Core/Src/main.c:103:13:dbg_print	32	static
../Core/Src/main.c:117:13:dbg_print_line	16	static
../Core/Src/main.c:124:26:UART2_SetBaud	16	static
../Core/Src/main.c:142:13:uart2_rx_flush	16	static
../Core/Src/main.c:151:20:str_exists	16	static
../Core/Src/main.c:158:13:span_exists	40	static
../Core/Src/main.c:171:12:uart2_probe_and_align	120	static
../Core/Src/main.c:226:6:find_char_after	32	static
../Core/Src/main.c:282:5:join	304	static
../Core/Src/main.c:327:5:lorawan_set_battery_level	56	static
../Core/Src/main.c:354:13:LoRaWAN_set_fport	48	static
../Core/Src/main.c:364:6:LoRaWAN_SendHex	344	static
../Core/Src/main.c:468:5:main	344	static,ignoring_inline_asm
../Core/Src/main.c:680:6:SystemClock_Config	136	static
../Core/Src/main.c:743:13:MX_ADC_Init	16	static
../Core/Src/main.c:798:13:MX_I2C1_Init	8	static
../Core/Src/main.c:845:13:MX_RTC_Init	8	static
../Core/Src/main.c:887:13:MX_USART1_UART_Init	8	static
../Core/Src/main.c:922:13:MX_USART2_UART_Init	8	static
../Core/Src/main.c:956:13:MX_GPIO_Init	48	static
../Core/Src/main.c:995:6:configWakeupTime	16	static
../Core/Src/main.c:1012:6:HAL_RTCEx_WakeUpTimerEventCallback	16	static
../Core/Src/main.c:1026:6:ConfigureGPIOForLowPower	56	static
../Core/Src/main.c:1071:6:RestoreGPIOAfterWakeup	8	static
../Core/Src/main.c:1081:6:EnterDeepSleepMode	16	static
../Core/Src/main.c:1147:6:Error_Handler	8	static,ignoring_inline_asm
